Script started on 2026-08-13 01:20:55+08:00 [COMMAND="npm run dev -w @aperant/tui -- /tmp/aperant-fixture" TERM="xterm-256color" TTY="/dev/pts/0" COLUMNS="110" LINES="32"]

> @aperant/tui@0.1.0 dev
> tsx src/cli.tsx /tmp/aperant-fixture

[?25l
 opening /tmp/aperant-fixture…

[?25l[2K[1A[2K[1A[2K[1A[2K[G[38;2;35;35;46m┌───────────────────────────────────────────────────────────────────────────────[38;2;255;107;53m│[38;2;35;35;46m─[38;2;255;107;53mproject → aperant-fixture[38;2;35;35;46m─[38;2;255;107;53m│[38;2;35;35;46m┐[39m
[38;2;35;35;46m│[1m[38;2;255;107;53mAPERANT[39m[22m [38;2;74;74;88m│[39m [38;2;138;138;154maperant-fixture[39m [38;2;74;74;88m/tmp/aperant-fixture[39m [38;2;74;74;88m│[39m [38;2;56;189;248m⑂ develop[39m             [38;2;255;107;53m◉[38;2;138;138;154m 1 runn[38;2;255;107;53m└───────────────────────────┘[38;2;35;35;46m│[39m
[38;2;35;35;46m│[39m [1m[48;2;255;107;53m[38;2;5;5;7m 1 board [39m[49m[22m  [38;2;138;138;154m 2 term [39m  [38;2;138;138;154m 3 road [39m  [38;2;138;138;154m 4 chat [39m  [38;2;138;138;154m 5 tree [39m  [38;2;138;138;154m 6 set [39m  [38;2;138;138;154m 7 agents [39m                                     [38;2;35;35;46m│[39m
[38;2;35;35;46m│[39m [38;2;255;107;53m┌──────────────────────────────────────────────┐[39m [38;2;35;35;46m┌───────────────────────────────────────────────────────┐[39m [38;2;35;35;46m│[39m
[38;2;35;35;46m│[39m [38;2;255;107;53m│[39m [1m[38;2;255;107;53mTASKS[39m[22m                                        [38;2;255;107;53m│[39m [38;2;35;35;46m│[39m [38;2;138;138;154mDETAIL[39m                                                [38;2;35;35;46m│[39m [38;2;35;35;46m│[39m
[38;2;35;35;46m│[39m [38;2;255;107;53m│[39m [38;2;74;74;88m◆[38;2;138;138;154m BACKLOG [38;2;74;74;88m(1)[39m                                [38;2;255;107;53m│[39m [38;2;35;35;46m│[39m [38;2;138;138;154m001-migr[39m [38;2;255;107;53m[BUILD][39m                                      [38;2;35;35;46m│[39m [38;2;35;35;46m│[39m
[38;2;35;35;46m│[39m [38;2;255;107;53m│[39m [38;2;74;74;88m  [38;2;138;138;154m004-qa-l[39m [38;2;138;138;154m▽[39m [38;2;138;138;154mQA Loop Docs[38;2;74;74;88m  50%[39m               [38;2;255;107;53m│[39m [38;2;35;35;46m│[39m [38;2;232;232;240mMigrate Provider Registry[39m                             [38;2;35;35;46m│[39m [38;2;35;35;46m│[39m
[38;2;35;35;46m│[39m [38;2;255;107;53m│[39m [38;2;56;189;248m◆[38;2;138;138;154m QUEUE [38;2;74;74;88m(1)[39m                                  [38;2;255;107;53m│[39m [38;2;35;35;46m│[39m [38;2;138;138;154mprogress[39m [38;2;255;107;53m███████░░░░░░░[39m [38;2;232;232;240m50%[39m                           [38;2;35;35;46m│[39m [38;2;35;35;46m│[39m
[38;2;35;35;46m│[39m [38;2;255;107;53m│[39m [38;2;74;74;88m  [38;2;138;138;154m002-fix-[39m [38;2;255;176;0m◆[39m [38;2;138;138;154mFix Terminal Blank Screen[38;2;56;189;248m  50%[39m  [38;2;255;107;53m│[39m [38;2;35;35;46m│[39m [38;2;138;138;154msubtasks [38;2;232;232;240m3/5 complete[39m                                 [38;2;35;35;46m│[39m [38;2;35;35;46m│[39m
[38;2;35;35;46m│[39m [38;2;255;107;53m│[39m [38;2;255;107;53m◆[38;2;138;138;154m BUILDING [38;2;74;74;88m(1)[39m                               [38;2;255;107;53m│[39m [38;2;35;35;46m│[39m [38;2;138;138;154mphase [38;2;255;62;138mcoding[39m                                          [38;2;35;35;46m│[39m [38;2;35;35;46m│[39m
[38;2;35;35;46m│[39m [38;2;255;107;53m│[39m [48;2;16;16;24m[38;2;255;107;53m❯ [38;2;138;138;154m001-migr[39m [38;2;255;68;68m▲[39m [38;2;232;232;240mMigrate Provider Registry[38;2;255;107;53m  50%[39m[49m  [38;2;255;107;53m│[39m [38;2;35;35;46m│[39m [38;2;138;138;154mlocation [38;2;56;189;248mmain[38;2;138;138;154m  spec [38;2;74;74;88m001-migrate-provider-registry[39m     [38;2;35;35;46m│[39m [38;2;35;35;46m│[39m
[38;2;35;35;46m│[39m [38;2;255;107;53m│[39m [38;2;61;220;132m◆[38;2;138;138;154m DONE [38;2;74;74;88m(1)[39m                                   [38;2;255;107;53m│[39m [38;2;35;35;46m└───────────────────────────────────────────────────────┘[39m [38;2;35;35;46m│[39m
[38;2;35;35;46m│[39m [38;2;255;107;53m│[39m [38;2;74;74;88m  [38;2;138;138;154m003-arch[39m [38;2;138;138;154m▽[39m [38;2;138;138;154mArchive Button Fixes[38;2;61;220;132m  50%[39m       [38;2;255;107;53m│[39m                                                           [38;2;35;35;46m│[39m
[38;2;35;35;46m│[39m [38;2;255;107;53m│[39m                                              [38;2;255;107;53m│[39m [38;2;35;35;46m┌───────────────────────────────────────────────────────┐[39m [38;2;35;35;46m│[39m
[38;2;35;35;46m│[39m [38;2;255;107;53m│[39m                                              [38;2;255;107;53m│[39m [38;2;35;35;46m│[39m [38;2;138;138;154mAGENT STREAM[39m                                          [38;2;35;35;46m│[39m [38;2;35;35;46m│[39m
[38;2;35;35;46m│[39m [38;2;255;107;53m│[39m                                              [38;2;255;107;53m│[39m [38;2;35;35;46m│[39m [38;2;74;74;88mno recorded runs for this task[39m                        [38;2;35;35;46m│[39m [38;2;35;35;46m│[39m
[38;2;35;35;46m│[39m [38;2;255;107;53m└──────────────────────────────────────────────┘[39m [38;2;35;35;46m└───────────────────────────────────────────────────────┘[39m [38;2;35;35;46m│[39m
[38;2;35;35;46m│[1m[48;2;255;107;53m[38;2;5;5;7m BOARD [39m[49m[22m [38;2;138;138;154mj/k move · ⏎ focus · s start · x stop · H/L column · l logs · / filter[39m                 [38;2;255;107;53m:[38;2;74;74;88m cmd  [38;2;255;107;53m?[38;2;74;74;88m help[38;2;35;35;46m│[39m
[38;2;35;35;46m└────────────────────────────────────────────────────────────────────────────────────────────────────────────┘[39m
[2K[1A[2K[1A[2K[1A[2K[1A[2K[1A[2K[1A[2K[1A[2K[1A[2K[1A[2K[1A[2K[1A[2K[1A[2K[1A[2K[1A[2K[1A[2K[1A[2K[1A[2K[1A[2K[1A[2K[G[38;2;35;35;46m┌───────────────────────────────────────────────────────────────────────────────[38;2;255;107;53m│[38;2;35;35;46m─[38;2;255;107;53mproject → aperant-fixture[38;2;35;35;46m─[38;2;255;107;53m│[38;2;35;35;46m┐[39m
[38;2;35;35;46m│[1m[38;2;255;107;53mAPERANT[39m[22m [38;2;74;74;88m│[39m [38;2;138;138;154maperant-fixture[39m [38;2;74;74;88m/tmp/aperant-fixture[39m [38;2;74;74;88m│[39m [38;2;56;189;248m⑂ develop[39m             [38;2;255;107;53m◉[38;2;138;138;154m 1 runn[38;2;255;107;53m└───────────────────────────┘[38;2;35;35;46m│[39m
[38;2;35;35;46m│[39m [38;2;138;138;154m 1 board [39m  [38;2;138;138;154m 2 term [39m  [38;2;138;138;154m 3 road [39m  [38;2;138;138;154m 4 chat [39m  [38;2;138;138;154m 5 tree [39m  [1m[48;2;255;107;53m[38;2;5;5;7m 6 set [39m[49m[22m  [38;2;138;138;154m 7 agents [39m                                     [38;2;35;35;46m│[39m
[38;2;35;35;46m│[39m [38;2;255;107;53m┌─────────────────────────────────────┐[39m [38;2;35;35;46m┌────────────────────────────────────────────────────────────────┐[39m [38;2;35;35;46m│[39m
[38;2;35;35;46m│[39m [38;2;255;107;53m│[39m [1m[38;2;255;107;53mTHEME[39m[22m                               [38;2;255;107;53m│[39m [38;2;35;35;46m│[39m [38;2;138;138;154mCONFIG[39m                                                         [38;2;35;35;46m│[39m [38;2;35;35;46m│[39m
[38;2;35;35;46m│[39m [38;2;255;107;53m│[39m [48;2;16;16;24m[38;2;255;107;53m❯ [48;2;255;107;53m[38;2;5;5;7m  [39m[48;2;255;62;138m  [48;2;16;16;24m[38;2;232;232;240m cyberpunk[38;2;255;107;53m  ACTIVE[39m[49m            [38;2;255;107;53m│[39m [38;2;35;35;46m│[39m [38;2;138;138;154mtui config[39m        [38;2;74;74;88m/tmp/aperant-fixture-userdata-neg/tui.json[39m   [38;2;35;35;46m│[39m [38;2;35;35;46m│[39m
[38;2;35;35;46m│[39m [38;2;255;107;53m│[39m [38;2;74;74;88m  [48;2;0;255;65m[38;2;3;5;3m  [39m[48;2;124;252;0m  [49m[38;2;138;138;154m matrix[39m                       [38;2;255;107;53m│[39m [38;2;35;35;46m│[39m [38;2;138;138;154mdesktop settings[39m [38;2;74;74;88m/tmp/aperant-fixture-userdata-neg/settings.j…[39m [38;2;35;35;46m│[39m [38;2;35;35;46m│[39m
[38;2;35;35;46m│[39m [38;2;255;107;53m│[39m [38;2;74;74;88m  [48;2;255;176;0m[38;2;6;4;2m  [39m[48;2;255;123;0m  [49m[38;2;138;138;154m amber[39m                        [38;2;255;107;53m│[39m [38;2;35;35;46m│[39m [38;2;138;138;154mprovider[39m          [38;2;74;74;88mnot configured[39m                               [38;2;35;35;46m│[39m [38;2;35;35;46m│[39m
[38;2;35;35;46m│[39m [38;2;255;107;53m│[39m [38;2;74;74;88m  [48;2;178;75;243m[38;2;5;3;8m  [39m[48;2;0;240;255m  [49m[38;2;138;138;154m synth[39m                        [38;2;255;107;53m│[39m [38;2;35;35;46m│[39m [38;2;138;138;154mmodel[39m             [38;2;232;232;240mnot configured[39m                               [38;2;35;35;46m│[39m [38;2;35;35;46m│[39m
[38;2;35;35;46m│[39m [38;2;255;107;53m│[39m [38;2;74;74;88m  [48;2;56;189;248m[38;2;2;5;9m  [39m[48;2;45;212;191m  [49m[38;2;138;138;154m ice[39m                          [38;2;255;107;53m│[39m [38;2;35;35;46m└────────────────────────────────────────────────────────────────┘[39m [38;2;35;35;46m│[39m
[38;2;35;35;46m│[39m [38;2;255;107;53m│[39m                                     [38;2;255;107;53m│[39m                                                                    [38;2;35;35;46m│[39m
[38;2;35;35;46m│[39m [38;2;255;107;53m│[39m [38;2;138;138;154mj/k select · applies live · persists[38;2;255;107;53m│[39m [38;2;35;35;46m┌────────────────────────────────────────────────────────────────┐[39m [38;2;35;35;46m│[39m
[38;2;35;35;46m│[39m [38;2;255;107;53m│[39m [38;2;138;138;154m to tui.json[39m                        [38;2;255;107;53m│[39m [38;2;35;35;46m│[39m [38;2;138;138;154mACCOUNTS[39m                                                       [38;2;35;35;46m│[39m [38;2;35;35;46m│[39m
[38;2;35;35;46m│[39m [38;2;255;107;53m│[39m                                     [38;2;255;107;53m│[39m [38;2;35;35;46m│[39m [38;2;74;74;88mno provider accounts — press a to add Moonshot (Kimi) from env[39m [38;2;35;35;46m│[39m [38;2;35;35;46m│[39m
[38;2;35;35;46m│[39m [38;2;255;107;53m│[39m                                     [38;2;255;107;53m│[39m [38;2;35;35;46m│[39m                                                                [38;2;35;35;46m│[39m [38;2;35;35;46m│[39m
[38;2;35;35;46m│[39m [38;2;255;107;53m│[39m                                     [38;2;255;107;53m│[39m [38;2;35;35;46m│[39m [38;2;138;138;154ma add/update Moonshot (Kimi) from env · writes settings.json ·[39m [38;2;35;35;46m│[39m [38;2;35;35;46m│[39m
[38;2;35;35;46m│[39m [38;2;255;107;53m│[39m                                     [38;2;255;107;53m│[39m [38;2;35;35;46m│[39m [38;2;138;138;154m queue-priority first[39m                                          [38;2;35;35;46m│[39m [38;2;35;35;46m│[39m
[38;2;35;35;46m│[39m [38;2;255;107;53m└─────────────────────────────────────┘[39m [38;2;35;35;46m└────────────────────────────────────────────────────────────────┘[39m [38;2;35;35;46m│[39m
[38;2;35;35;46m│[1m[48;2;255;107;53m[38;2;5;5;7m SET [39m[49m[22m [38;2;138;138;154mj/k select theme · ⏎ apply · a add Moonshot acct[39m                                         [38;2;255;107;53m:[38;2;74;74;88m cmd  [38;2;255;107;53m?[38;2;74;74;88m help[38;2;35;35;46m│[39m
[38;2;35;35;46m└────────────────────────────────────────────────────────────────────────────────────────────────────────────┘[39m
[2K[1A[2K[1A[2K[1A[2K[1A[2K[1A[2K[1A[2K[1A[2K[1A[2K[1A[2K[1A[2K[1A[2K[1A[2K[1A[2K[1A[2K[1A[2K[1A[2K[1A[2K[1A[2K[1A[2K[1A[2K[G[38;2;35;35;46m┌────────────────────────────────────────────────────────────────────────────────────────────────────────────┐[39m
[38;2;35;35;46m│[1m[38;2;255;107;53mAPERANT[39m[22m [38;2;74;74;88m│[39m [38;2;138;138;154maperant-fixture[39m [38;2;74;74;88m/tmp/aperant-fixture[39m [38;2;74;74;88m│[39m [38;2;56;189;248m⑂ develop[39m             [38;2;255;107;53m◉[38;2;138;138;154m 1 running[39m  [38;2;255;176;0m◆[38;2;138;138;154m 0 review[39m  [38;2;61;220;132m●[38;2;138;138;154m no profile[38;2;35;35;46m│[39m
[38;2;35;35;46m│[39m [38;2;138;138;154m 1 board [39m  [38;2;138;138;154m 2 term [39m  [38;2;138;138;154m 3 road [39m  [38;2;138;138;154m 4 chat [39m  [38;2;138;138;154m 5 tree [39m  [1m[48;2;255;107;53m[38;2;5;5;7m 6 set [39m[49m[22m  [38;2;138;138;154m 7 agents [39m                                     [38;2;35;35;46m│[39m
[38;2;35;35;46m│[39m [38;2;255;107;53m┌─────────────────────────────────────┐[39m [38;2;35;35;46m┌────────────────────────────────────────────────────────────────┐[39m [38;2;35;35;46m│[39m
[38;2;35;35;46m│[39m [38;2;255;107;53m│[39m [1m[38;2;255;107;53mTHEME[39m[22m                               [38;2;255;107;53m│[39m [38;2;35;35;46m│[39m [38;2;138;138;154mCONFIG[39m                                                         [38;2;35;35;46m│[39m [38;2;35;35;46m│[39m
[38;2;35;35;46m│[39m [38;2;255;107;53m│[39m [48;2;16;16;24m[38;2;255;107;53m❯ [48;2;255;107;53m[38;2;5;5;7m  [39m[48;2;255;62;138m  [48;2;16;16;24m[38;2;232;232;240m cyberpunk[38;2;255;107;53m  ACTIVE[39m[49m            [38;2;255;107;53m│[39m [38;2;35;35;46m│[39m [38;2;138;138;154mtui config[39m        [38;2;74;74;88m/tmp/aperant-fixture-userdata-neg/tui.json[39m   [38;2;35;35;46m│[39m [38;2;35;35;46m│[39m
[38;2;35;35;46m│[39m [38;2;255;107;53m│[39m [38;2;74;74;88m  [48;2;0;255;65m[38;2;3;5;3m  [39m[48;2;124;252;0m  [49m[38;2;138;138;154m matrix[39m                       [38;2;255;107;53m│[39m [38;2;35;35;46m│[39m [38;2;138;138;154mdesktop settings[39m [38;2;74;74;88m/tmp/aperant-fixture-userdata-neg/settings.j…[39m [38;2;35;35;46m│[39m [38;2;35;35;46m│[39m
[38;2;35;35;46m│[39m [38;2;255;107;53m│[39m [38;2;74;74;88m  [48;2;255;176;0m[38;2;6;4;2m  [39m[48;2;255;123;0m  [49m[38;2;138;138;154m amber[39m                        [38;2;255;107;53m│[39m [38;2;35;35;46m│[39m [38;2;138;138;154mprovider[39m          [38;2;74;74;88mnot configured[39m                               [38;2;35;35;46m│[39m [38;2;35;35;46m│[39m
[38;2;35;35;46m│[39m [38;2;255;107;53m│[39m [38;2;74;74;88m  [48;2;178;75;243m[38;2;5;3;8m  [39m[48;2;0;240;255m  [49m[38;2;138;138;154m synth[39m                        [38;2;255;107;53m│[39m [38;2;35;35;46m│[39m [38;2;138;138;154mmodel[39m             [38;2;232;232;240mnot configured[39m                               [38;2;35;35;46m│[39m [38;2;35;35;46m│[39m
[38;2;35;35;46m│[39m [38;2;255;107;53m│[39m [38;2;74;74;88m  [48;2;56;189;248m[38;2;2;5;9m  [39m[48;2;45;212;191m  [49m[38;2;138;138;154m ice[39m                          [38;2;255;107;53m│[39m [38;2;35;35;46m└────────────────────────────────────────────────────────────────┘[39m [38;2;35;35;46m│[39m
[38;2;35;35;46m│[39m [38;2;255;107;53m│[39m                                     [38;2;255;107;53m│[39m                                                                    [38;2;35;35;46m│[39m
[38;2;35;35;46m│[39m [38;2;255;107;53m│[39m [38;2;138;138;154mj/k select · applies live · persists[38;2;255;107;53m│[39m [38;2;35;35;46m┌────────────────────────────────────────────────────────────────┐[39m [38;2;35;35;46m│[39m
[38;2;35;35;46m│[39m [38;2;255;107;53m│[39m [38;2;138;138;154m to tui.json[39m                        [38;2;255;107;53m│[39m [38;2;35;35;46m│[39m [38;2;138;138;154mACCOUNTS[39m                                                       [38;2;35;35;46m│[39m [38;2;35;35;46m│[39m
[38;2;35;35;46m│[39m [38;2;255;107;53m│[39m                                     [38;2;255;107;53m│[39m [38;2;35;35;46m│[39m [38;2;74;74;88mno provider accounts — press a to add Moonshot (Kimi) from env[39m [38;2;35;35;46m│[39m [38;2;35;35;46m│[39m
[38;2;35;35;46m│[39m [38;2;255;107;53m│[39m                                     [38;2;255;107;53m│[39m [38;2;35;35;46m│[39m                                                                [38;2;35;35;46m│[39m [38;2;35;35;46m│[39m
[38;2;35;35;46m│[39m [38;2;255;107;53m│[39m                                     [38;2;255;107;53m│[39m [38;2;35;35;46m│[39m [38;2;138;138;154ma add/update Moonshot (Kimi) from env · writes settings.json ·[39m [38;2;35;35;46m│[39m [38;2;35;35;46m│[39m
[38;2;35;35;46m│[39m [38;2;255;107;53m│[39m                                     [38;2;255;107;53m│[39m [38;2;35;35;46m│[39m [38;2;138;138;154m queue-priority first[39m                                          [38;2;35;35;46m│[39m [38;2;35;35;46m│[39m
[38;2;35;35;46m│[39m [38;2;255;107;53m└─────────────────────────────────────┘[39m [38;2;35;35;46m└────────────────────────────────────────────────────────────────┘[39m [38;2;35;35;46m│[39m
[38;2;35;35;46m│[1m[48;2;255;107;53m[38;2;5;5;7m SET [39m[49m[22m [38;2;138;138;154mj/k select theme · ⏎ apply · a add Moonshot acct[39m                                         [38;2;255;107;53m:[38;2;74;74;88m cmd  [38;2;255;107;53m?[38;2;74;74;88m help[38;2;35;35;46m│[39m
[38;2;35;35;46m└────────────────────────────────────────────────────────────────────────────────────────────────────────────┘[39m
[2K[1A[2K[1A[2K[1A[2K[1A[2K[1A[2K[1A[2K[1A[2K[1A[2K[1A[2K[1A[2K[1A[2K[1A[2K[1A[2K[1A[2K[1A[2K[1A[2K[1A[2K[1A[2K[1A[2K[1A[2K[G[38;2;35;35;46m┌────────────────────────────────────────────────────────────────────────────────────────────────────────────┐[39m
[38;2;35;35;46m│[1m[38;2;255;107;53mAPERANT[39m[22m [38;2;74;74;88m│[39m [38;2;138;138;154maperant-fixture[39m [38;2;74;74;88m/tmp/aperant-fixture[39m [38;2;74;74;88m│[39m [38;2;56;189;248m⑂ develop[39m             [38;2;255;107;53m◉[38;2;138;138;154m 1 running[39m  [38;2;255;176;0m◆[38;2;138;138;154m 0 review[39m  [38;2;61;220;132m●[38;2;138;138;154m no profile[38;2;35;35;46m│[39m
[38;2;35;35;46m│[39m [38;2;138;138;154m 1 board [39m  [38;2;138;138;154m 2 term [39m  [38;2;138;138;154m 3 road [39m  [38;2;138;138;154m 4 chat [39m  [38;2;138;138;154m 5 tree [39m  [1m[48;2;255;107;53m[38;2;5;5;7m 6 set [39m[49m[22m  [38;2;138;138;154m 7 agents [39m                                     [38;2;35;35;46m│[39m
[38;2;35;35;46m│[39m [38;2;255;107;53m┌─────────────────────────────────────┐[39m [38;2;35;35;46m┌────────────────────────────────────────────────────────────────┐[39m [38;2;35;35;46m│[39m
[38;2;35;35;46m│[39m [38;2;255;107;53m│[39m [1m[38;2;255;107;53mTHEME[39m[22m                               [38;2;255;107;53m│[39m [38;2;35;35;46m│[39m [38;2;138;138;154mCONFIG[39m                                                         [38;2;35;35;46m│[39m [38;2;35;35;46m│[39m
[38;2;35;35;46m│[39m [38;2;255;107;53m│[39m [48;2;16;16;24m[38;2;255;107;53m❯ [48;2;255;107;53m[38;2;5;5;7m  [39m[48;2;255;62;138m  [48;2;16;16;24m[38;2;232;232;240m cyberpunk[38;2;255;107;53m  ACTIVE[39m[49m            [38;2;255;107;53m│[39m [38;2;35;35;46m│[39m [38;2;138;138;154mtui config[39m        [38;2;74;74;88m/tmp/aperant-fixture-userdata-neg/tui.json[39m   [38;2;35;35;46m│[39m [38;2;35;35;46m│[39m
[38;2;35;35;46m│[39m [38;2;255;107;53m│[39m [38;2;74;74;88m  [48;2;0;255;65m[38;2;3;5;3m  [39m[48;2;124;252;0m  [49m[38;2;138;138;154m matrix[39m                       [38;2;255;107;53m│[39m [38;2;35;35;46m│[39m [38;2;138;138;154mdesktop settings[39m [38;2;74;74;88m/tmp/aperant-fixture-userdata-neg/settings.j…[39m [38;2;35;35;46m│[39m [38;2;35;35;46m│[39m
[38;2;35;35;46m│[39m [38;2;255;107;53m│[39m [38;2;74;74;88m  [48;2;255;176;0m[38;2;6;4;2m  [39m[48;2;255;123;0m  [49m[38;2;138;138;154m amber[39m                        [38;2;255;107;53m│[39m [38;2;35;35;46m│[39m [38;2;138;138;154mprovider[39m          [38;2;74;74;88mnot configured[39m                               [38;2;35;35;46m│[39m [38;2;35;35;46m│[39m
[38;2;35;35;46m│[39m [38;2;255;107;53m│[39m [38;2;74;74;88m  [48;2;178;75;243m[38;2;5;3;8m  [39m[48;2;0;240;255m  [49m[38;2;138;138;154m synth[39m                        [38;2;255;107;53m│[39m [38;2;35;35;46m│[39m [38;2;138;138;154mmodel[39m             [38;2;232;232;240mnot configured[39m                               [38;2;35;35;46m│[39m [38;2;35;35;46m│[39m
[38;2;35;35;46m│[39m [38;2;255;107;53m│[39m [38;2;74;74;88m  [48;2;56;189;248m[38;2;2;5;9m  [39m[48;2;45;212;191m  [49m[38;2;138;138;154m ice[39m                          [38;2;255;107;53m│[39m [38;2;35;35;46m└────────────────────────────────────────────────────────────────┘[39m [38;2;35;35;46m│[39m
[38;2;35;35;46m│[39m [38;2;255;107;53m│[39m                                     [38;2;255;107;53m│[39m                                                                    [38;2;35;35;46m│[39m
[38;2;35;35;46m│[39m [38;2;255;107;53m│[39m [38;2;138;138;154mj/k select · applies live · persists[38;2;255;107;53m│[39m [38;2;35;35;46m┌────────────────────────────────────────────────────────────────┐[39m [38;2;35;35;46m│[39m
[38;2;35;35;46m│[39m [38;2;255;107;53m│[39m [38;2;138;138;154m to tui.json[39m                        [38;2;255;107;53m│[39m [38;2;35;35;46m│[39m [38;2;138;138;154mACCOUNTS[39m                                                       [38;2;35;35;46m│[39m [38;2;35;35;46m│[39m
[38;2;35;35;46m│[39m [38;2;255;107;53m│[39m                                     [38;2;255;107;53m│[39m [38;2;35;35;46m│[39m [38;2;74;74;88mno provider accounts — press a to add Moonshot (Kimi) from env[39m [38;2;35;35;46m│[39m [38;2;35;35;46m│[39m
[38;2;35;35;46m│[39m [38;2;255;107;53m│[39m                                     [38;2;255;107;53m│[39m [38;2;35;35;46m│[39m                                                                [38;2;35;35;46m│[39m [38;2;35;35;46m│[39m
[38;2;35;35;46m│[39m [38;2;255;107;53m│[39m                                     [38;2;255;107;53m│[39m [38;2;35;35;46m│[39m [38;2;255;68;68mnot provisioned: no API key — set MOONSHOT_API_KEY (or KIMI_A…[39m [38;2;35;35;46m│[39m [38;2;35;35;46m│[39m
[38;2;35;35;46m│[39m [38;2;255;107;53m│[39m                                     [38;2;255;107;53m│[39m [38;2;35;35;46m│[39m [38;2;138;138;154ma add/update Moonshot (Kimi) from env · writes settings.json ·[39m [38;2;35;35;46m│[39m [38;2;35;35;46m│[39m
[38;2;35;35;46m│[39m [38;2;255;107;53m│[39m                                     [38;2;255;107;53m│[39m [38;2;35;35;46m│[39m [38;2;138;138;154m queue-priority first[39m                                          [38;2;35;35;46m│[39m [38;2;35;35;46m│[39m
[38;2;35;35;46m│[39m [38;2;255;107;53m└─────────────────────────────────────┘[39m [38;2;35;35;46m└────────────────────────────────────────────────────────────────┘[39m [38;2;35;35;46m│[39m
[38;2;35;35;46m│[1m[48;2;255;107;53m[38;2;5;5;7m SET [39m[49m[22m [38;2;138;138;154mj/k select theme · ⏎ apply · a add Moonshot acct[39m                                         [38;2;255;107;53m:[38;2;74;74;88m cmd  [38;2;255;107;53m?[38;2;74;74;88m help[38;2;35;35;46m│[39m
[38;2;35;35;46m└────────────────────────────────────────────────────────────────────────────────────────────────────────────┘[39m
[2K[1A[2K[1A[2K[1A[2K[1A[2K[1A[2K[1A[2K[1A[2K[1A[2K[1A[2K[1A[2K[1A[2K[1A[2K[1A[2K[1A[2K[1A[2K[1A[2K[1A[2K[1A[2K[1A[2K[1A[2K[1A[2K[G[38;2;35;35;46m┌──────────────────────────────────────────────────────────────────────────────[38;2;255;107;53m│[38;2;35;35;46m─[38;2;255;107;53mpress ctrl+c again to quit[38;2;35;35;46m─[38;2;255;107;53m│[38;2;35;35;46m┐[39m
[38;2;35;35;46m│[1m[38;2;255;107;53mAPERANT[39m[22m [38;2;74;74;88m│[39m [38;2;138;138;154maperant-fixture[39m [38;2;74;74;88m/tmp/aperant-fixture[39m [38;2;74;74;88m│[39m [38;2;56;189;248m⑂ develop[39m             [38;2;255;107;53m◉[38;2;138;138;154m 1 run[38;2;255;107;53m└────────────────────────────┘[38;2;35;35;46m│[39m
[38;2;35;35;46m│[39m [38;2;138;138;154m 1 board [39m  [38;2;138;138;154m 2 term [39m  [38;2;138;138;154m 3 road [39m  [38;2;138;138;154m 4 chat [39m  [38;2;138;138;154m 5 tree [39m  [1m[48;2;255;107;53m[38;2;5;5;7m 6 set [39m[49m[22m  [38;2;138;138;154m 7 agents [39m                                     [38;2;35;35;46m│[39m
[38;2;35;35;46m│[39m [38;2;255;107;53m┌─────────────────────────────────────┐[39m [38;2;35;35;46m┌────────────────────────────────────────────────────────────────┐[39m [38;2;35;35;46m│[39m
[38;2;35;35;46m│[39m [38;2;255;107;53m│[39m [1m[38;2;255;107;53mTHEME[39m[22m                               [38;2;255;107;53m│[39m [38;2;35;35;46m│[39m [38;2;138;138;154mCONFIG[39m                                                         [38;2;35;35;46m│[39m [38;2;35;35;46m│[39m
[38;2;35;35;46m│[39m [38;2;255;107;53m│[39m [48;2;16;16;24m[38;2;255;107;53m❯ [48;2;255;107;53m[38;2;5;5;7m  [39m[48;2;255;62;138m  [48;2;16;16;24m[38;2;232;232;240m cyberpunk[38;2;255;107;53m  ACTIVE[39m[49m            [38;2;255;107;53m│[39m [38;2;35;35;46m│[39m [38;2;138;138;154mtui config[39m        [38;2;74;74;88m/tmp/aperant-fixture-userdata-neg/tui.json[39m   [38;2;35;35;46m│[39m [38;2;35;35;46m│[39m
[38;2;35;35;46m│[39m [38;2;255;107;53m│[39m [38;2;74;74;88m  [48;2;0;255;65m[38;2;3;5;3m  [39m[48;2;124;252;0m  [49m[38;2;138;138;154m matrix[39m                       [38;2;255;107;53m│[39m [38;2;35;35;46m│[39m [38;2;138;138;154mdesktop settings[39m [38;2;74;74;88m/tmp/aperant-fixture-userdata-neg/settings.j…[39m [38;2;35;35;46m│[39m [38;2;35;35;46m│[39m
[38;2;35;35;46m│[39m [38;2;255;107;53m│[39m [38;2;74;74;88m  [48;2;255;176;0m[38;2;6;4;2m  [39m[48;2;255;123;0m  [49m[38;2;138;138;154m amber[39m                        [38;2;255;107;53m│[39m [38;2;35;35;46m│[39m [38;2;138;138;154mprovider[39m          [38;2;74;74;88mnot configured[39m                               [38;2;35;35;46m│[39m [38;2;35;35;46m│[39m
[38;2;35;35;46m│[39m [38;2;255;107;53m│[39m [38;2;74;74;88m  [48;2;178;75;243m[38;2;5;3;8m  [39m[48;2;0;240;255m  [49m[38;2;138;138;154m synth[39m                        [38;2;255;107;53m│[39m [38;2;35;35;46m│[39m [38;2;138;138;154mmodel[39m             [38;2;232;232;240mnot configured[39m                               [38;2;35;35;46m│[39m [38;2;35;35;46m│[39m
[38;2;35;35;46m│[39m [38;2;255;107;53m│[39m [38;2;74;74;88m  [48;2;56;189;248m[38;2;2;5;9m  [39m[48;2;45;212;191m  [49m[38;2;138;138;154m ice[39m                          [38;2;255;107;53m│[39m [38;2;35;35;46m└────────────────────────────────────────────────────────────────┘[39m [38;2;35;35;46m│[39m
[38;2;35;35;46m│[39m [38;2;255;107;53m│[39m                                     [38;2;255;107;53m│[39m                                                                    [38;2;35;35;46m│[39m
[38;2;35;35;46m│[39m [38;2;255;107;53m│[39m [38;2;138;138;154mj/k select · applies live · persists[38;2;255;107;53m│[39m [38;2;35;35;46m┌────────────────────────────────────────────────────────────────┐[39m [38;2;35;35;46m│[39m
[38;2;35;35;46m│[39m [38;2;255;107;53m│[39m [38;2;138;138;154m to tui.json[39m                        [38;2;255;107;53m│[39m [38;2;35;35;46m│[39m [38;2;138;138;154mACCOUNTS[39m                                                       [38;2;35;35;46m│[39m [38;2;35;35;46m│[39m
[38;2;35;35;46m│[39m [38;2;255;107;53m│[39m                                     [38;2;255;107;53m│[39m [38;2;35;35;46m│[39m [38;2;74;74;88mno provider accounts — press a to add Moonshot (Kimi) from env[39m [38;2;35;35;46m│[39m [38;2;35;35;46m│[39m
[38;2;35;35;46m│[39m [38;2;255;107;53m│[39m                                     [38;2;255;107;53m│[39m [38;2;35;35;46m│[39m                                                                [38;2;35;35;46m│[39m [38;2;35;35;46m│[39m
[38;2;35;35;46m│[39m [38;2;255;107;53m│[39m                                     [38;2;255;107;53m│[39m [38;2;35;35;46m│[39m [38;2;255;68;68mnot provisioned: no API key — set MOONSHOT_API_KEY (or KIMI_A…[39m [38;2;35;35;46m│[39m [38;2;35;35;46m│[39m
[38;2;35;35;46m│[39m [38;2;255;107;53m│[39m                                     [38;2;255;107;53m│[39m [38;2;35;35;46m│[39m [38;2;138;138;154ma add/update Moonshot (Kimi) from env · writes settings.json ·[39m [38;2;35;35;46m│[39m [38;2;35;35;46m│[39m
[38;2;35;35;46m│[39m [38;2;255;107;53m│[39m                                     [38;2;255;107;53m│[39m [38;2;35;35;46m│[39m [38;2;138;138;154m queue-priority first[39m                                          [38;2;35;35;46m│[39m [38;2;35;35;46m│[39m
[38;2;35;35;46m│[39m [38;2;255;107;53m└─────────────────────────────────────┘[39m [38;2;35;35;46m└────────────────────────────────────────────────────────────────┘[39m [38;2;35;35;46m│[39m
[38;2;35;35;46m│[1m[48;2;255;107;53m[38;2;5;5;7m SET [39m[49m[22m [38;2;138;138;154mj/k select theme · ⏎ apply · a add Moonshot acct[39m                                         [38;2;255;107;53m:[38;2;74;74;88m cmd  [38;2;255;107;53m?[38;2;74;74;88m help[38;2;35;35;46m│[39m
[38;2;35;35;46m└────────────────────────────────────────────────────────────────────────────────────────────────────────────┘[39m
[2K[1A[2K[1A[2K[1A[2K[1A[2K[1A[2K[1A[2K[1A[2K[1A[2K[1A[2K[1A[2K[1A[2K[1A[2K[1A[2K[1A[2K[1A[2K[1A[2K[1A[2K[1A[2K[1A[2K[1A[2K[1A[2K[G[38;2;35;35;46m┌────────────────────────────────────────────────────────────────────────────────────────────────────────────┐[39m
[38;2;35;35;46m│[1m[38;2;255;107;53mAPERANT[39m[22m [38;2;74;74;88m│[39m [38;2;138;138;154maperant-fixture[39m [38;2;74;74;88m/tmp/aperant-fixture[39m [38;2;74;74;88m│[39m [38;2;56;189;248m⑂ develop[39m             [38;2;255;107;53m◉[38;2;138;138;154m 1 running[39m  [38;2;255;176;0m◆[38;2;138;138;154m 0 review[39m  [38;2;61;220;132m●[38;2;138;138;154m no profile[38;2;35;35;46m│[39m
[38;2;35;35;46m│[39m [38;2;138;138;154m 1 board [39m  [38;2;138;138;154m 2 term [39m  [38;2;138;138;154m 3 road [39m  [38;2;138;138;154m 4 chat [39m  [38;2;138;138;154m 5 tree [39m  [1m[48;2;255;107;53m[38;2;5;5;7m 6 set [39m[49m[22m  [38;2;138;138;154m 7 agents [39m                                     [38;2;35;35;46m│[39m
[38;2;35;35;46m│[39m [38;2;255;107;53m┌─────────────────────────────────────┐[39m [38;2;35;35;46m┌────────────────────────────────────────────────────────────────┐[39m [38;2;35;35;46m│[39m
[38;2;35;35;46m│[39m [38;2;255;107;53m│[39m [1m[38;2;255;107;53mTHEME[39m[22m                               [38;2;255;107;53m│[39m [38;2;35;35;46m│[39m [38;2;138;138;154mCONFIG[39m                                                         [38;2;35;35;46m│[39m [38;2;35;35;46m│[39m
[38;2;35;35;46m│[39m [38;2;255;107;53m│[39m [48;2;16;16;24m[38;2;255;107;53m❯ [48;2;255;107;53m[38;2;5;5;7m  [39m[48;2;255;62;138m  [48;2;16;16;24m[38;2;232;232;240m cyberpunk[38;2;255;107;53m  ACTIVE[39m[49m            [38;2;255;107;53m│[39m [38;2;35;35;46m│[39m [38;2;138;138;154mtui config[39m        [38;2;74;74;88m/tmp/aperant-fixture-userdata-neg/tui.json[39m   [38;2;35;35;46m│[39m [38;2;35;35;46m│[39m
[38;2;35;35;46m│[39m [38;2;255;107;53m│[39m [38;2;74;74;88m  [48;2;0;255;65m[38;2;3;5;3m  [39m[48;2;124;252;0m  [49m[38;2;138;138;154m matrix[39m                       [38;2;255;107;53m│[39m [38;2;35;35;46m│[39m [38;2;138;138;154mdesktop settings[39m [38;2;74;74;88m/tmp/aperant-fixture-userdata-neg/settings.j…[39m [38;2;35;35;46m│[39m [38;2;35;35;46m│[39m
[38;2;35;35;46m│[39m [38;2;255;107;53m│[39m [38;2;74;74;88m  [48;2;255;176;0m[38;2;6;4;2m  [39m[48;2;255;123;0m  [49m[38;2;138;138;154m amber[39m                        [38;2;255;107;53m│[39m [38;2;35;35;46m│[39m [38;2;138;138;154mprovider[39m          [38;2;74;74;88mnot configured[39m                               [38;2;35;35;46m│[39m [38;2;35;35;46m│[39m
[38;2;35;35;46m│[39m [38;2;255;107;53m│[39m [38;2;74;74;88m  [48;2;178;75;243m[38;2;5;3;8m  [39m[48;2;0;240;255m  [49m[38;2;138;138;154m synth[39m                        [38;2;255;107;53m│[39m [38;2;35;35;46m│[39m [38;2;138;138;154mmodel[39m             [38;2;232;232;240mnot configured[39m                               [38;2;35;35;46m│[39m [38;2;35;35;46m│[39m
[38;2;35;35;46m│[39m [38;2;255;107;53m│[39m [38;2;74;74;88m  [48;2;56;189;248m[38;2;2;5;9m  [39m[48;2;45;212;191m  [49m[38;2;138;138;154m ice[39m                          [38;2;255;107;53m│[39m [38;2;35;35;46m└────────────────────────────────────────────────────────────────┘[39m [38;2;35;35;46m│[39m
[38;2;35;35;46m│[39m [38;2;255;107;53m│[39m                                     [38;2;255;107;53m│[39m                                                                    [38;2;35;35;46m│[39m
[38;2;35;35;46m│[39m [38;2;255;107;53m│[39m [38;2;138;138;154mj/k select · applies live · persists[38;2;255;107;53m│[39m [38;2;35;35;46m┌────────────────────────────────────────────────────────────────┐[39m [38;2;35;35;46m│[39m
[38;2;35;35;46m│[39m [38;2;255;107;53m│[39m [38;2;138;138;154m to tui.json[39m                        [38;2;255;107;53m│[39m [38;2;35;35;46m│[39m [38;2;138;138;154mACCOUNTS[39m                                                       [38;2;35;35;46m│[39m [38;2;35;35;46m│[39m
[38;2;35;35;46m│[39m [38;2;255;107;53m│[39m                                     [38;2;255;107;53m│[39m [38;2;35;35;46m│[39m [38;2;74;74;88mno provider accounts — press a to add Moonshot (Kimi) from env[39m [38;2;35;35;46m│[39m [38;2;35;35;46m│[39m
[38;2;35;35;46m│[39m [38;2;255;107;53m│[39m                                     [38;2;255;107;53m│[39m [38;2;35;35;46m│[39m                                                                [38;2;35;35;46m│[39m [38;2;35;35;46m│[39m
[38;2;35;35;46m│[39m [38;2;255;107;53m│[39m                                     [38;2;255;107;53m│[39m [38;2;35;35;46m│[39m [38;2;255;68;68mnot provisioned: no API key — set MOONSHOT_API_KEY (or KIMI_A…[39m [38;2;35;35;46m│[39m [38;2;35;35;46m│[39m
[38;2;35;35;46m│[39m [38;2;255;107;53m│[39m                                     [38;2;255;107;53m│[39m [38;2;35;35;46m│[39m [38;2;138;138;154ma add/update Moonshot (Kimi) from env · writes settings.json ·[39m [38;2;35;35;46m│[39m [38;2;35;35;46m│[39m
[38;2;35;35;46m│[39m [38;2;255;107;53m│[39m                                     [38;2;255;107;53m│[39m [38;2;35;35;46m│[39m [38;2;138;138;154m queue-priority first[39m                                          [38;2;35;35;46m│[39m [38;2;35;35;46m│[39m
[38;2;35;35;46m│[39m [38;2;255;107;53m└─────────────────────────────────────┘[39m [38;2;35;35;46m└────────────────────────────────────────────────────────────────┘[39m [38;2;35;35;46m│[39m
[38;2;35;35;46m│[1m[48;2;255;107;53m[38;2;5;5;7m SET [39m[49m[22m [38;2;138;138;154mj/k select theme · ⏎ apply · a add Moonshot acct[39m                                         [38;2;255;107;53m:[38;2;74;74;88m cmd  [38;2;255;107;53m?[38;2;74;74;88m help[38;2;35;35;46m│[39m
[38;2;35;35;46m└────────────────────────────────────────────────────────────────────────────────────────────────────────────┘[39m
[2K[1A[2K[1A[2K[1A[2K[1A[2K[1A[2K[1A[2K[1A[2K[1A[2K[1A[2K[1A[2K[1A[2K[1A[2K[1A[2K[1A[2K[1A[2K[1A[2K[1A[2K[1A[2K[1A[2K[1A[2K[1A[2K[G[38;2;35;35;46m┌──────────────────────────────────────────────────────────────────────────────[38;2;255;107;53m│[38;2;35;35;46m─[38;2;255;107;53mpress ctrl+c again to quit[38;2;35;35;46m─[38;2;255;107;53m│[38;2;35;35;46m┐[39m
[38;2;35;35;46m│[1m[38;2;255;107;53mAPERANT[39m[22m [38;2;74;74;88m│[39m [38;2;138;138;154maperant-fixture[39m [38;2;74;74;88m/tmp/aperant-fixture[39m [38;2;74;74;88m│[39m [38;2;56;189;248m⑂ develop[39m             [38;2;255;107;53m◉[38;2;138;138;154m 1 run[38;2;255;107;53m└────────────────────────────┘[38;2;35;35;46m│[39m
[38;2;35;35;46m│[39m [38;2;138;138;154m 1 board [39m  [38;2;138;138;154m 2 term [39m  [38;2;138;138;154m 3 road [39m  [38;2;138;138;154m 4 chat [39m  [38;2;138;138;154m 5 tree [39m  [1m[48;2;255;107;53m[38;2;5;5;7m 6 set [39m[49m[22m  [38;2;138;138;154m 7 agents [39m                                     [38;2;35;35;46m│[39m
[38;2;35;35;46m│[39m [38;2;255;107;53m┌─────────────────────────────────────┐[39m [38;2;35;35;46m┌────────────────────────────────────────────────────────────────┐[39m [38;2;35;35;46m│[39m
[38;2;35;35;46m│[39m [38;2;255;107;53m│[39m [1m[38;2;255;107;53mTHEME[39m[22m                               [38;2;255;107;53m│[39m [38;2;35;35;46m│[39m [38;2;138;138;154mCONFIG[39m                                                         [38;2;35;35;46m│[39m [38;2;35;35;46m│[39m
[38;2;35;35;46m│[39m [38;2;255;107;53m│[39m [48;2;16;16;24m[38;2;255;107;53m❯ [48;2;255;107;53m[38;2;5;5;7m  [39m[48;2;255;62;138m  [48;2;16;16;24m[38;2;232;232;240m cyberpunk[38;2;255;107;53m  ACTIVE[39m[49m            [38;2;255;107;53m│[39m [38;2;35;35;46m│[39m [38;2;138;138;154mtui config[39m        [38;2;74;74;88m/tmp/aperant-fixture-userdata-neg/tui.json[39m   [38;2;35;35;46m│[39m [38;2;35;35;46m│[39m
[38;2;35;35;46m│[39m [38;2;255;107;53m│[39m [38;2;74;74;88m  [48;2;0;255;65m[38;2;3;5;3m  [39m[48;2;124;252;0m  [49m[38;2;138;138;154m matrix[39m                       [38;2;255;107;53m│[39m [38;2;35;35;46m│[39m [38;2;138;138;154mdesktop settings[39m [38;2;74;74;88m/tmp/aperant-fixture-userdata-neg/settings.j…[39m [38;2;35;35;46m│[39m [38;2;35;35;46m│[39m
[38;2;35;35;46m│[39m [38;2;255;107;53m│[39m [38;2;74;74;88m  [48;2;255;176;0m[38;2;6;4;2m  [39m[48;2;255;123;0m  [49m[38;2;138;138;154m amber[39m                        [38;2;255;107;53m│[39m [38;2;35;35;46m│[39m [38;2;138;138;154mprovider[39m          [38;2;74;74;88mnot configured[39m                               [38;2;35;35;46m│[39m [38;2;35;35;46m│[39m
[38;2;35;35;46m│[39m [38;2;255;107;53m│[39m [38;2;74;74;88m  [48;2;178;75;243m[38;2;5;3;8m  [39m[48;2;0;240;255m  [49m[38;2;138;138;154m synth[39m                        [38;2;255;107;53m│[39m [38;2;35;35;46m│[39m [38;2;138;138;154mmodel[39m             [38;2;232;232;240mnot configured[39m                               [38;2;35;35;46m│[39m [38;2;35;35;46m│[39m
[38;2;35;35;46m│[39m [38;2;255;107;53m│[39m [38;2;74;74;88m  [48;2;56;189;248m[38;2;2;5;9m  [39m[48;2;45;212;191m  [49m[38;2;138;138;154m ice[39m                          [38;2;255;107;53m│[39m [38;2;35;35;46m└────────────────────────────────────────────────────────────────┘[39m [38;2;35;35;46m│[39m
[38;2;35;35;46m│[39m [38;2;255;107;53m│[39m                                     [38;2;255;107;53m│[39m                                                                    [38;2;35;35;46m│[39m
[38;2;35;35;46m│[39m [38;2;255;107;53m│[39m [38;2;138;138;154mj/k select · applies live · persists[38;2;255;107;53m│[39m [38;2;35;35;46m┌────────────────────────────────────────────────────────────────┐[39m [38;2;35;35;46m│[39m
[38;2;35;35;46m│[39m [38;2;255;107;53m│[39m [38;2;138;138;154m to tui.json[39m                        [38;2;255;107;53m│[39m [38;2;35;35;46m│[39m [38;2;138;138;154mACCOUNTS[39m                                                       [38;2;35;35;46m│[39m [38;2;35;35;46m│[39m
[38;2;35;35;46m│[39m [38;2;255;107;53m│[39m                                     [38;2;255;107;53m│[39m [38;2;35;35;46m│[39m [38;2;74;74;88mno provider accounts — press a to add Moonshot (Kimi) from env[39m [38;2;35;35;46m│[39m [38;2;35;35;46m│[39m
[38;2;35;35;46m│[39m [38;2;255;107;53m│[39m                                     [38;2;255;107;53m│[39m [38;2;35;35;46m│[39m                                                                [38;2;35;35;46m│[39m [38;2;35;35;46m│[39m
[38;2;35;35;46m│[39m [38;2;255;107;53m│[39m                                     [38;2;255;107;53m│[39m [38;2;35;35;46m│[39m [38;2;255;68;68mnot provisioned: no API key — set MOONSHOT_API_KEY (or KIMI_A…[39m [38;2;35;35;46m│[39m [38;2;35;35;46m│[39m
[38;2;35;35;46m│[39m [38;2;255;107;53m│[39m                                     [38;2;255;107;53m│[39m [38;2;35;35;46m│[39m [38;2;138;138;154ma add/update Moonshot (Kimi) from env · writes settings.json ·[39m [38;2;35;35;46m│[39m [38;2;35;35;46m│[39m
[38;2;35;35;46m│[39m [38;2;255;107;53m│[39m                                     [38;2;255;107;53m│[39m [38;2;35;35;46m│[39m [38;2;138;138;154m queue-priority first[39m                                          [38;2;35;35;46m│[39m [38;2;35;35;46m│[39m
[38;2;35;35;46m│[39m [38;2;255;107;53m└─────────────────────────────────────┘[39m [38;2;35;35;46m└────────────────────────────────────────────────────────────────┘[39m [38;2;35;35;46m│[39m
[38;2;35;35;46m│[1m[48;2;255;107;53m[38;2;5;5;7m SET [39m[49m[22m [38;2;138;138;154mj/k select theme · ⏎ apply · a add Moonshot acct[39m                                         [38;2;255;107;53m:[38;2;74;74;88m cmd  [38;2;255;107;53m?[38;2;74;74;88m help[38;2;35;35;46m│[39m
[38;2;35;35;46m└────────────────────────────────────────────────────────────────────────────────────────────────────────────┘[39m
[2K[1A[2K[1A[2K[1A[2K[1A[2K[1A[2K[1A[2K[1A[2K[1A[2K[1A[2K[1A[2K[1A[2K[1A[2K[1A[2K[1A[2K[1A[2K[1A[2K[1A[2K[1A[2K[1A[2K[1A[2K[1A[2K[G[38;2;35;35;46m┌────────────────────────────────────────────────────────────────────────────────────────────────────────────┐[39m
[38;2;35;35;46m│[1m[38;2;255;107;53mAPERANT[39m[22m [38;2;74;74;88m│[39m [38;2;138;138;154maperant-fixture[39m [38;2;74;74;88m/tmp/aperant-fixture[39m [38;2;74;74;88m│[39m [38;2;56;189;248m⑂ develop[39m             [38;2;255;107;53m◉[38;2;138;138;154m 1 running[39m  [38;2;255;176;0m◆[38;2;138;138;154m 0 review[39m  [38;2;61;220;132m●[38;2;138;138;154m no profile[38;2;35;35;46m│[39m
[38;2;35;35;46m│[39m [38;2;138;138;154m 1 board [39m  [38;2;138;138;154m 2 term [39m  [38;2;138;138;154m 3 road [39m  [38;2;138;138;154m 4 chat [39m  [38;2;138;138;154m 5 tree [39m  [1m[48;2;255;107;53m[38;2;5;5;7m 6 set [39m[49m[22m  [38;2;138;138;154m 7 agents [39m                                     [38;2;35;35;46m│[39m
[38;2;35;35;46m│[39m [38;2;255;107;53m┌─────────────────────────────────────┐[39m [38;2;35;35;46m┌────────────────────────────────────────────────────────────────┐[39m [38;2;35;35;46m│[39m
[38;2;35;35;46m│[39m [38;2;255;107;53m│[39m [1m[38;2;255;107;53mTHEME[39m[22m                               [38;2;255;107;53m│[39m [38;2;35;35;46m│[39m [38;2;138;138;154mCONFIG[39m                                                         [38;2;35;35;46m│[39m [38;2;35;35;46m│[39m
[38;2;35;35;46m│[39m [38;2;255;107;53m│[39m [48;2;16;16;24m[38;2;255;107;53m❯ [48;2;255;107;53m[38;2;5;5;7m  [39m[48;2;255;62;138m  [48;2;16;16;24m[38;2;232;232;240m cyberpunk[38;2;255;107;53m  ACTIVE[39m[49m            [38;2;255;107;53m│[39m [38;2;35;35;46m│[39m [38;2;138;138;154mtui config[39m        [38;2;74;74;88m/tmp/aperant-fixture-userdata-neg/tui.json[39m   [38;2;35;35;46m│[39m [38;2;35;35;46m│[39m
[38;2;35;35;46m│[39m [38;2;255;107;53m│[39m [38;2;74;74;88m  [48;2;0;255;65m[38;2;3;5;3m  [39m[48;2;124;252;0m  [49m[38;2;138;138;154m matrix[39m                       [38;2;255;107;53m│[39m [38;2;35;35;46m│[39m [38;2;138;138;154mdesktop settings[39m [38;2;74;74;88m/tmp/aperant-fixture-userdata-neg/settings.j…[39m [38;2;35;35;46m│[39m [38;2;35;35;46m│[39m
[38;2;35;35;46m│[39m [38;2;255;107;53m│[39m [38;2;74;74;88m  [48;2;255;176;0m[38;2;6;4;2m  [39m[48;2;255;123;0m  [49m[38;2;138;138;154m amber[39m                        [38;2;255;107;53m│[39m [38;2;35;35;46m│[39m [38;2;138;138;154mprovider[39m          [38;2;74;74;88mnot configured[39m                               [38;2;35;35;46m│[39m [38;2;35;35;46m│[39m
[38;2;35;35;46m│[39m [38;2;255;107;53m│[39m [38;2;74;74;88m  [48;2;178;75;243m[38;2;5;3;8m  [39m[48;2;0;240;255m  [49m[38;2;138;138;154m synth[39m                        [38;2;255;107;53m│[39m [38;2;35;35;46m│[39m [38;2;138;138;154mmodel[39m             [38;2;232;232;240mnot configured[39m                               [38;2;35;35;46m│[39m [38;2;35;35;46m│[39m
[38;2;35;35;46m│[39m [38;2;255;107;53m│[39m [38;2;74;74;88m  [48;2;56;189;248m[38;2;2;5;9m  [39m[48;2;45;212;191m  [49m[38;2;138;138;154m ice[39m                          [38;2;255;107;53m│[39m [38;2;35;35;46m└────────────────────────────────────────────────────────────────┘[39m [38;2;35;35;46m│[39m
[38;2;35;35;46m│[39m [38;2;255;107;53m│[39m                                     [38;2;255;107;53m│[39m                                                                    [38;2;35;35;46m│[39m
[38;2;35;35;46m│[39m [38;2;255;107;53m│[39m [38;2;138;138;154mj/k select · applies live · persists[38;2;255;107;53m│[39m [38;2;35;35;46m┌────────────────────────────────────────────────────────────────┐[39m [38;2;35;35;46m│[39m
[38;2;35;35;46m│[39m [38;2;255;107;53m│[39m [38;2;138;138;154m to tui.json[39m                        [38;2;255;107;53m│[39m [38;2;35;35;46m│[39m [38;2;138;138;154mACCOUNTS[39m                                                       [38;2;35;35;46m│[39m [38;2;35;35;46m│[39m
[38;2;35;35;46m│[39m [38;2;255;107;53m│[39m                                     [38;2;255;107;53m│[39m [38;2;35;35;46m│[39m [38;2;74;74;88mno provider accounts — press a to add Moonshot (Kimi) from env[39m [38;2;35;35;46m│[39m [38;2;35;35;46m│[39m
[38;2;35;35;46m│[39m [38;2;255;107;53m│[39m                                     [38;2;255;107;53m│[39m [38;2;35;35;46m│[39m                                                                [38;2;35;35;46m│[39m [38;2;35;35;46m│[39m
[38;2;35;35;46m│[39m [38;2;255;107;53m│[39m                                     [38;2;255;107;53m│[39m [38;2;35;35;46m│[39m [38;2;255;68;68mnot provisioned: no API key — set MOONSHOT_API_KEY (or KIMI_A…[39m [38;2;35;35;46m│[39m [38;2;35;35;46m│[39m
[38;2;35;35;46m│[39m [38;2;255;107;53m│[39m                                     [38;2;255;107;53m│[39m [38;2;35;35;46m│[39m [38;2;138;138;154ma add/update Moonshot (Kimi) from env · writes settings.json ·[39m [38;2;35;35;46m│[39m [38;2;35;35;46m│[39m
[38;2;35;35;46m│[39m [38;2;255;107;53m│[39m                                     [38;2;255;107;53m│[39m [38;2;35;35;46m│[39m [38;2;138;138;154m queue-priority first[39m                                          [38;2;35;35;46m│[39m [38;2;35;35;46m│[39m
[38;2;35;35;46m│[39m [38;2;255;107;53m└─────────────────────────────────────┘[39m [38;2;35;35;46m└────────────────────────────────────────────────────────────────┘[39m [38;2;35;35;46m│[39m
[38;2;35;35;46m│[1m[48;2;255;107;53m[38;2;5;5;7m SET [39m[49m[22m [38;2;138;138;154mj/k select theme · ⏎ apply · a add Moonshot acct[39m                                         [38;2;255;107;53m:[38;2;74;74;88m cmd  [38;2;255;107;53m?[38;2;74;74;88m help[38;2;35;35;46m│[39m
[38;2;35;35;46m└────────────────────────────────────────────────────────────────────────────────────────────────────────────┘[39m
[2K[1A[2K[1A[2K[1A[2K[1A[2K[1A[2K[1A[2K[1A[2K[1A[2K[1A[2K[1A[2K[1A[2K[1A[2K[1A[2K[1A[2K[1A[2K[1A[2K[1A[2K[1A[2K[1A[2K[1A[2K[1A[2K[G[38;2;35;35;46m┌────────────────────────────────────────────────────────────────────────────────────────────────────────────┐[39m
[38;2;35;35;46m│[1m[38;2;255;107;53mAPERANT[39m[22m [38;2;74;74;88m│[39m [38;2;138;138;154maperant-fixture[39m [38;2;74;74;88m/tmp/aperant-fixture[39m [38;2;74;74;88m│[39m [38;2;56;189;248m⑂ develop[39m             [38;2;255;107;53m◉[38;2;138;138;154m 1 running[39m  [38;2;255;176;0m◆[38;2;138;138;154m 1 review[39m  [38;2;61;220;132m●[38;2;138;138;154m no profile[38;2;35;35;46m│[39m
[38;2;35;35;46m│[39m [38;2;138;138;154m 1 board [39m  [38;2;138;138;154m 2 term [39m  [38;2;138;138;154m 3 road [39m  [38;2;138;138;154m 4 chat [39m  [38;2;138;138;154m 5 tree [39m  [1m[48;2;255;107;53m[38;2;5;5;7m 6 set [39m[49m[22m  [38;2;138;138;154m 7 agents [39m                                     [38;2;35;35;46m│[39m
[38;2;35;35;46m│[39m [38;2;255;107;53m┌─────────────────────────────────────┐[39m [38;2;35;35;46m┌────────────────────────────────────────────────────────────────┐[39m [38;2;35;35;46m│[39m
[38;2;35;35;46m│[39m [38;2;255;107;53m│[39m [1m[38;2;255;107;53mTHEME[39m[22m                               [38;2;255;107;53m│[39m [38;2;35;35;46m│[39m [38;2;138;138;154mCONFIG[39m                                                         [38;2;35;35;46m│[39m [38;2;35;35;46m│[39m
[38;2;35;35;46m│[39m [38;2;255;107;53m│[39m [48;2;16;16;24m[38;2;255;107;53m❯ [48;2;255;107;53m[38;2;5;5;7m  [39m[48;2;255;62;138m  [48;2;16;16;24m[38;2;232;232;240m cyberpunk[38;2;255;107;53m  ACTIVE[39m[49m            [38;2;255;107;53m│[39m [38;2;35;35;46m│[39m [38;2;138;138;154mtui config[39m        [38;2;74;74;88m/tmp/aperant-fixture-userdata-neg/tui.json[39m   [38;2;35;35;46m│[39m [38;2;35;35;46m│[39m
[38;2;35;35;46m│[39m [38;2;255;107;53m│[39m [38;2;74;74;88m  [48;2;0;255;65m[38;2;3;5;3m  [39m[48;2;124;252;0m  [49m[38;2;138;138;154m matrix[39m                       [38;2;255;107;53m│[39m [38;2;35;35;46m│[39m [38;2;138;138;154mdesktop settings[39m [38;2;74;74;88m/tmp/aperant-fixture-userdata-neg/settings.j…[39m [38;2;35;35;46m│[39m [38;2;35;35;46m│[39m
[38;2;35;35;46m│[39m [38;2;255;107;53m│[39m [38;2;74;74;88m  [48;2;255;176;0m[38;2;6;4;2m  [39m[48;2;255;123;0m  [49m[38;2;138;138;154m amber[39m                        [38;2;255;107;53m│[39m [38;2;35;35;46m│[39m [38;2;138;138;154mprovider[39m          [38;2;74;74;88mnot configured[39m                               [38;2;35;35;46m│[39m [38;2;35;35;46m│[39m
[38;2;35;35;46m│[39m [38;2;255;107;53m│[39m [38;2;74;74;88m  [48;2;178;75;243m[38;2;5;3;8m  [39m[48;2;0;240;255m  [49m[38;2;138;138;154m synth[39m                        [38;2;255;107;53m│[39m [38;2;35;35;46m│[39m [38;2;138;138;154mmodel[39m             [38;2;232;232;240mnot configured[39m                               [38;2;35;35;46m│[39m [38;2;35;35;46m│[39m
[38;2;35;35;46m│[39m [38;2;255;107;53m│[39m [38;2;74;74;88m  [48;2;56;189;248m[38;2;2;5;9m  [39m[48;2;45;212;191m  [49m[38;2;138;138;154m ice[39m                          [38;2;255;107;53m│[39m [38;2;35;35;46m└────────────────────────────────────────────────────────────────┘[39m [38;2;35;35;46m│[39m
[38;2;35;35;46m│[39m [38;2;255;107;53m│[39m                                     [38;2;255;107;53m│[39m                                                                    [38;2;35;35;46m│[39m
[38;2;35;35;46m│[39m [38;2;255;107;53m│[39m [38;2;138;138;154mj/k select · applies live · persists[38;2;255;107;53m│[39m [38;2;35;35;46m┌────────────────────────────────────────────────────────────────┐[39m [38;2;35;35;46m│[39m
[38;2;35;35;46m│[39m [38;2;255;107;53m│[39m [38;2;138;138;154m to tui.json[39m                        [38;2;255;107;53m│[39m [38;2;35;35;46m│[39m [38;2;138;138;154mACCOUNTS[39m                                                       [38;2;35;35;46m│[39m [38;2;35;35;46m│[39m
[38;2;35;35;46m│[39m [38;2;255;107;53m│[39m                                     [38;2;255;107;53m│[39m [38;2;35;35;46m│[39m [38;2;74;74;88mno provider accounts — press a to add Moonshot (Kimi) from env[39m [38;2;35;35;46m│[39m [38;2;35;35;46m│[39m
[38;2;35;35;46m│[39m [38;2;255;107;53m│[39m                                     [38;2;255;107;53m│[39m [38;2;35;35;46m│[39m                                                                [38;2;35;35;46m│[39m [38;2;35;35;46m│[39m
[38;2;35;35;46m│[39m [38;2;255;107;53m│[39m                                     [38;2;255;107;53m│[39m [38;2;35;35;46m│[39m [38;2;255;68;68mnot provisioned: no API key — set MOONSHOT_API_KEY (or KIMI_A…[39m [38;2;35;35;46m│[39m [38;2;35;35;46m│[39m
[38;2;35;35;46m│[39m [38;2;255;107;53m│[39m                                     [38;2;255;107;53m│[39m [38;2;35;35;46m│[39m [38;2;138;138;154ma add/update Moonshot (Kimi) from env · writes settings.json ·[39m [38;2;35;35;46m│[39m [38;2;35;35;46m│[39m
[38;2;35;35;46m│[39m [38;2;255;107;53m│[39m                                     [38;2;255;107;53m│[39m [38;2;35;35;46m│[39m [38;2;138;138;154m queue-priority first[39m                                          [38;2;35;35;46m│[39m [38;2;35;35;46m│[39m
[38;2;35;35;46m│[39m [38;2;255;107;53m└─────────────────────────────────────┘[39m [38;2;35;35;46m└────────────────────────────────────────────────────────────────┘[39m [38;2;35;35;46m│[39m
[38;2;35;35;46m│[1m[48;2;255;107;53m[38;2;5;5;7m SET [39m[49m[22m [38;2;138;138;154mj/k select theme · ⏎ apply · a add Moonshot acct[39m                                         [38;2;255;107;53m:[38;2;74;74;88m cmd  [38;2;255;107;53m?[38;2;74;74;88m help[38;2;35;35;46m│[39m
[38;2;35;35;46m└────────────────────────────────────────────────────────────────────────────────────────────────────────────┘[39m
[2K[1A[2K[1A[2K[1A[2K[1A[2K[1A[2K[1A[2K[1A[2K[1A[2K[1A[2K[1A[2K[1A[2K[1A[2K[1A[2K[1A[2K[1A[2K[1A[2K[1A[2K[1A[2K[1A[2K[1A[2K[1A[2K[G[38;2;35;35;46m┌────────────────────────────────────────────────────────────────────────────────────────────────────────────┐[39m
[38;2;35;35;46m│[1m[38;2;255;107;53mAPERANT[39m[22m [38;2;74;74;88m│[39m [38;2;138;138;154maperant-fixture[39m [38;2;74;74;88m/tmp/aperant-fixture[39m [38;2;74;74;88m│[39m [38;2;56;189;248m⑂ develop[39m             [38;2;255;107;53m◉[38;2;138;138;154m 1 running[39m  [38;2;255;176;0m◆[38;2;138;138;154m 0 review[39m  [38;2;61;220;132m●[38;2;138;138;154m no profile[38;2;35;35;46m│[39m
[38;2;35;35;46m│[39m [38;2;138;138;154m 1 board [39m  [38;2;138;138;154m 2 term [39m  [38;2;138;138;154m 3 road [39m  [38;2;138;138;154m 4 chat [39m  [38;2;138;138;154m 5 tree [39m  [1m[48;2;255;107;53m[38;2;5;5;7m 6 set [39m[49m[22m  [38;2;138;138;154m 7 agents [39m                                     [38;2;35;35;46m│[39m
[38;2;35;35;46m│[39m [38;2;255;107;53m┌─────────────────────────────────────┐[39m [38;2;35;35;46m┌────────────────────────────────────────────────────────────────┐[39m [38;2;35;35;46m│[39m
[38;2;35;35;46m│[39m [38;2;255;107;53m│[39m [1m[38;2;255;107;53mTHEME[39m[22m                               [38;2;255;107;53m│[39m [38;2;35;35;46m│[39m [38;2;138;138;154mCONFIG[39m                                                         [38;2;35;35;46m│[39m [38;2;35;35;46m│[39m
[38;2;35;35;46m│[39m [38;2;255;107;53m│[39m [48;2;16;16;24m[38;2;255;107;53m❯ [48;2;255;107;53m[38;2;5;5;7m  [39m[48;2;255;62;138m  [48;2;16;16;24m[38;2;232;232;240m cyberpunk[38;2;255;107;53m  ACTIVE[39m[49m            [38;2;255;107;53m│[39m [38;2;35;35;46m│[39m [38;2;138;138;154mtui config[39m        [38;2;74;74;88m/tmp/aperant-fixture-userdata-neg/tui.json[39m   [38;2;35;35;46m│[39m [38;2;35;35;46m│[39m
[38;2;35;35;46m│[39m [38;2;255;107;53m│[39m [38;2;74;74;88m  [48;2;0;255;65m[38;2;3;5;3m  [39m[48;2;124;252;0m  [49m[38;2;138;138;154m matrix[39m                       [38;2;255;107;53m│[39m [38;2;35;35;46m│[39m [38;2;138;138;154mdesktop settings[39m [38;2;74;74;88m/tmp/aperant-fixture-userdata-neg/settings.j…[39m [38;2;35;35;46m│[39m [38;2;35;35;46m│[39m
[38;2;35;35;46m│[39m [38;2;255;107;53m│[39m [38;2;74;74;88m  [48;2;255;176;0m[38;2;6;4;2m  [39m[48;2;255;123;0m  [49m[38;2;138;138;154m amber[39m                        [38;2;255;107;53m│[39m [38;2;35;35;46m│[39m [38;2;138;138;154mprovider[39m          [38;2;74;74;88mnot configured[39m                               [38;2;35;35;46m│[39m [38;2;35;35;46m│[39m
[38;2;35;35;46m│[39m [38;2;255;107;53m│[39m [38;2;74;74;88m  [48;2;178;75;243m[38;2;5;3;8m  [39m[48;2;0;240;255m  [49m[38;2;138;138;154m synth[39m                        [38;2;255;107;53m│[39m [38;2;35;35;46m│[39m [38;2;138;138;154mmodel[39m             [38;2;232;232;240mnot configured[39m                               [38;2;35;35;46m│[39m [38;2;35;35;46m│[39m
[38;2;35;35;46m│[39m [38;2;255;107;53m│[39m [38;2;74;74;88m  [48;2;56;189;248m[38;2;2;5;9m  [39m[48;2;45;212;191m  [49m[38;2;138;138;154m ice[39m                          [38;2;255;107;53m│[39m [38;2;35;35;46m└────────────────────────────────────────────────────────────────┘[39m [38;2;35;35;46m│[39m
[38;2;35;35;46m│[39m [38;2;255;107;53m│[39m                                     [38;2;255;107;53m│[39m                                                                    [38;2;35;35;46m│[39m
[38;2;35;35;46m│[39m [38;2;255;107;53m│[39m [38;2;138;138;154mj/k select · applies live · persists[38;2;255;107;53m│[39m [38;2;35;35;46m┌────────────────────────────────────────────────────────────────┐[39m [38;2;35;35;46m│[39m
[38;2;35;35;46m│[39m [38;2;255;107;53m│[39m [38;2;138;138;154m to tui.json[39m                        [38;2;255;107;53m│[39m [38;2;35;35;46m│[39m [38;2;138;138;154mACCOUNTS[39m                                                       [38;2;35;35;46m│[39m [38;2;35;35;46m│[39m
[38;2;35;35;46m│[39m [38;2;255;107;53m│[39m                                     [38;2;255;107;53m│[39m [38;2;35;35;46m│[39m [38;2;74;74;88mno provider accounts — press a to add Moonshot (Kimi) from env[39m [38;2;35;35;46m│[39m [38;2;35;35;46m│[39m
[38;2;35;35;46m│[39m [38;2;255;107;53m│[39m                                     [38;2;255;107;53m│[39m [38;2;35;35;46m│[39m                                                                [38;2;35;35;46m│[39m [38;2;35;35;46m│[39m
[38;2;35;35;46m│[39m [38;2;255;107;53m│[39m                                     [38;2;255;107;53m│[39m [38;2;35;35;46m│[39m [38;2;255;68;68mnot provisioned: no API key — set MOONSHOT_API_KEY (or KIMI_A…[39m [38;2;35;35;46m│[39m [38;2;35;35;46m│[39m
[38;2;35;35;46m│[39m [38;2;255;107;53m│[39m                                     [38;2;255;107;53m│[39m [38;2;35;35;46m│[39m [38;2;138;138;154ma add/update Moonshot (Kimi) from env · writes settings.json ·[39m [38;2;35;35;46m│[39m [38;2;35;35;46m│[39m
[38;2;35;35;46m│[39m [38;2;255;107;53m│[39m                                     [38;2;255;107;53m│[39m [38;2;35;35;46m│[39m [38;2;138;138;154m queue-priority first[39m                                          [38;2;35;35;46m│[39m [38;2;35;35;46m│[39m
[38;2;35;35;46m│[39m [38;2;255;107;53m└─────────────────────────────────────┘[39m [38;2;35;35;46m└────────────────────────────────────────────────────────────────┘[39m [38;2;35;35;46m│[39m
[38;2;35;35;46m│[1m[48;2;255;107;53m[38;2;5;5;7m SET [39m[49m[22m [38;2;138;138;154mj/k select theme · ⏎ apply · a add Moonshot acct[39m                                         [38;2;255;107;53m:[38;2;74;74;88m cmd  [38;2;255;107;53m?[38;2;74;74;88m help[38;2;35;35;46m│[39m
[38;2;35;35;46m└────────────────────────────────────────────────────────────────────────────────────────────────────────────┘[39m
[2K[1A[2K[1A[2K[1A[2K[1A[2K[1A[2K[1A[2K[1A[2K[1A[2K[1A[2K[1A[2K[1A[2K[1A[2K[1A[2K[1A[2K[1A[2K[1A[2K[1A[2K[1A[2K[1A[2K[1A[2K[1A[2K[G[ProjectStore] Auto-correcting task 002-fix-terminal-blank: all 2 subtasks completed but status was queue. Setting to human_review.
[38;2;35;35;46m┌────────────────────────────────────────────────────────────────────────────────────────────────────────────┐[39m
[38;2;35;35;46m│[1m[38;2;255;107;53mAPERANT[39m[22m [38;2;74;74;88m│[39m [38;2;138;138;154maperant-fixture[39m [38;2;74;74;88m/tmp/aperant-fixture[39m [38;2;74;74;88m│[39m [38;2;56;189;248m⑂ develop[39m             [38;2;255;107;53m◉[38;2;138;138;154m 1 running[39m  [38;2;255;176;0m◆[38;2;138;138;154m 0 review[39m  [38;2;61;220;132m●[38;2;138;138;154m no profile[38;2;35;35;46m│[39m
[38;2;35;35;46m│[39m [38;2;138;138;154m 1 board [39m  [38;2;138;138;154m 2 term [39m  [38;2;138;138;154m 3 road [39m  [38;2;138;138;154m 4 chat [39m  [38;2;138;138;154m 5 tree [39m  [1m[48;2;255;107;53m[38;2;5;5;7m 6 set [39m[49m[22m  [38;2;138;138;154m 7 agents [39m                                     [38;2;35;35;46m│[39m
[38;2;35;35;46m│[39m [38;2;255;107;53m┌─────────────────────────────────────┐[39m [38;2;35;35;46m┌────────────────────────────────────────────────────────────────┐[39m [38;2;35;35;46m│[39m
[38;2;35;35;46m│[39m [38;2;255;107;53m│[39m [1m[38;2;255;107;53mTHEME[39m[22m                               [38;2;255;107;53m│[39m [38;2;35;35;46m│[39m [38;2;138;138;154mCONFIG[39m                                                         [38;2;35;35;46m│[39m [38;2;35;35;46m│[39m
[38;2;35;35;46m│[39m [38;2;255;107;53m│[39m [48;2;16;16;24m[38;2;255;107;53m❯ [48;2;255;107;53m[38;2;5;5;7m  [39m[48;2;255;62;138m  [48;2;16;16;24m[38;2;232;232;240m cyberpunk[38;2;255;107;53m  ACTIVE[39m[49m            [38;2;255;107;53m│[39m [38;2;35;35;46m│[39m [38;2;138;138;154mtui config[39m        [38;2;74;74;88m/tmp/aperant-fixture-userdata-neg/tui.json[39m   [38;2;35;35;46m│[39m [38;2;35;35;46m│[39m
[38;2;35;35;46m│[39m [38;2;255;107;53m│[39m [38;2;74;74;88m  [48;2;0;255;65m[38;2;3;5;3m  [39m[48;2;124;252;0m  [49m[38;2;138;138;154m matrix[39m                       [38;2;255;107;53m│[39m [38;2;35;35;46m│[39m [38;2;138;138;154mdesktop settings[39m [38;2;74;74;88m/tmp/aperant-fixture-userdata-neg/settings.j…[39m [38;2;35;35;46m│[39m [38;2;35;35;46m│[39m
[38;2;35;35;46m│[39m [38;2;255;107;53m│[39m [38;2;74;74;88m  [48;2;255;176;0m[38;2;6;4;2m  [39m[48;2;255;123;0m  [49m[38;2;138;138;154m amber[39m                        [38;2;255;107;53m│[39m [38;2;35;35;46m│[39m [38;2;138;138;154mprovider[39m          [38;2;74;74;88mnot configured[39m                               [38;2;35;35;46m│[39m [38;2;35;35;46m│[39m
[38;2;35;35;46m│[39m [38;2;255;107;53m│[39m [38;2;74;74;88m  [48;2;178;75;243m[38;2;5;3;8m  [39m[48;2;0;240;255m  [49m[38;2;138;138;154m synth[39m                        [38;2;255;107;53m│[39m [38;2;35;35;46m│[39m [38;2;138;138;154mmodel[39m             [38;2;232;232;240mnot configured[39m                               [38;2;35;35;46m│[39m [38;2;35;35;46m│[39m
[38;2;35;35;46m│[39m [38;2;255;107;53m│[39m [38;2;74;74;88m  [48;2;56;189;248m[38;2;2;5;9m  [39m[48;2;45;212;191m  [49m[38;2;138;138;154m ice[39m                          [38;2;255;107;53m│[39m [38;2;35;35;46m└────────────────────────────────────────────────────────────────┘[39m [38;2;35;35;46m│[39m
[38;2;35;35;46m│[39m [38;2;255;107;53m│[39m                                     [38;2;255;107;53m│[39m                                                                    [38;2;35;35;46m│[39m
[38;2;35;35;46m│[39m [38;2;255;107;53m│[39m [38;2;138;138;154mj/k select · applies live · persists[38;2;255;107;53m│[39m [38;2;35;35;46m┌────────────────────────────────────────────────────────────────┐[39m [38;2;35;35;46m│[39m
[38;2;35;35;46m│[39m [38;2;255;107;53m│[39m [38;2;138;138;154m to tui.json[39m                        [38;2;255;107;53m│[39m [38;2;35;35;46m│[39m [38;2;138;138;154mACCOUNTS[39m                                                       [38;2;35;35;46m│[39m [38;2;35;35;46m│[39m
[38;2;35;35;46m│[39m [38;2;255;107;53m│[39m                                     [38;2;255;107;53m│[39m [38;2;35;35;46m│[39m [38;2;74;74;88mno provider accounts — press a to add Moonshot (Kimi) from env[39m [38;2;35;35;46m│[39m [38;2;35;35;46m│[39m
[38;2;35;35;46m│[39m [38;2;255;107;53m│[39m                                     [38;2;255;107;53m│[39m [38;2;35;35;46m│[39m                                                                [38;2;35;35;46m│[39m [38;2;35;35;46m│[39m
[38;2;35;35;46m│[39m [38;2;255;107;53m│[39m                                     [38;2;255;107;53m│[39m [38;2;35;35;46m│[39m [38;2;255;68;68mnot provisioned: no API key — set MOONSHOT_API_KEY (or KIMI_A…[39m [38;2;35;35;46m│[39m [38;2;35;35;46m│[39m
[38;2;35;35;46m│[39m [38;2;255;107;53m│[39m                                     [38;2;255;107;53m│[39m [38;2;35;35;46m│[39m [38;2;138;138;154ma add/update Moonshot (Kimi) from env · writes settings.json ·[39m [38;2;35;35;46m│[39m [38;2;35;35;46m│[39m
[38;2;35;35;46m│[39m [38;2;255;107;53m│[39m                                     [38;2;255;107;53m│[39m [38;2;35;35;46m│[39m [38;2;138;138;154m queue-priority first[39m                                          [38;2;35;35;46m│[39m [38;2;35;35;46m│[39m
[38;2;35;35;46m│[39m [38;2;255;107;53m└─────────────────────────────────────┘[39m [38;2;35;35;46m└────────────────────────────────────────────────────────────────┘[39m [38;2;35;35;46m│[39m
[38;2;35;35;46m│[1m[48;2;255;107;53m[38;2;5;5;7m SET [39m[49m[22m [38;2;138;138;154mj/k select theme · ⏎ apply · a add Moonshot acct[39m                                         [38;2;255;107;53m:[38;2;74;74;88m cmd  [38;2;255;107;53m?[38;2;74;74;88m help[38;2;35;35;46m│[39m
[38;2;35;35;46m└────────────────────────────────────────────────────────────────────────────────────────────────────────────┘[39m
[2K[1A[2K[1A[2K[1A[2K[1A[2K[1A[2K[1A[2K[1A[2K[1A[2K[1A[2K[1A[2K[1A[2K[1A[2K[1A[2K[1A[2K[1A[2K[1A[2K[1A[2K[1A[2K[1A[2K[1A[2K[1A[2K[G[ProjectStore] Persisted corrected status for task 002-fix-terminal-blank
[38;2;35;35;46m┌────────────────────────────────────────────────────────────────────────────────────────────────────────────┐[39m
[38;2;35;35;46m│[1m[38;2;255;107;53mAPERANT[39m[22m [38;2;74;74;88m│[39m [38;2;138;138;154maperant-fixture[39m [38;2;74;74;88m/tmp/aperant-fixture[39m [38;2;74;74;88m│[39m [38;2;56;189;248m⑂ develop[39m             [38;2;255;107;53m◉[38;2;138;138;154m 1 running[39m  [38;2;255;176;0m◆[38;2;138;138;154m 0 review[39m  [38;2;61;220;132m●[38;2;138;138;154m no profile[38;2;35;35;46m│[39m
[38;2;35;35;46m│[39m [38;2;138;138;154m 1 board [39m  [38;2;138;138;154m 2 term [39m  [38;2;138;138;154m 3 road [39m  [38;2;138;138;154m 4 chat [39m  [38;2;138;138;154m 5 tree [39m  [1m[48;2;255;107;53m[38;2;5;5;7m 6 set [39m[49m[22m  [38;2;138;138;154m 7 agents [39m                                     [38;2;35;35;46m│[39m
[38;2;35;35;46m│[39m [38;2;255;107;53m┌─────────────────────────────────────┐[39m [38;2;35;35;46m┌────────────────────────────────────────────────────────────────┐[39m [38;2;35;35;46m│[39m
[38;2;35;35;46m│[39m [38;2;255;107;53m│[39m [1m[38;2;255;107;53mTHEME[39m[22m                               [38;2;255;107;53m│[39m [38;2;35;35;46m│[39m [38;2;138;138;154mCONFIG[39m                                                         [38;2;35;35;46m│[39m [38;2;35;35;46m│[39m
[38;2;35;35;46m│[39m [38;2;255;107;53m│[39m [48;2;16;16;24m[38;2;255;107;53m❯ [48;2;255;107;53m[38;2;5;5;7m  [39m[48;2;255;62;138m  [48;2;16;16;24m[38;2;232;232;240m cyberpunk[38;2;255;107;53m  ACTIVE[39m[49m            [38;2;255;107;53m│[39m [38;2;35;35;46m│[39m [38;2;138;138;154mtui config[39m        [38;2;74;74;88m/tmp/aperant-fixture-userdata-neg/tui.json[39m   [38;2;35;35;46m│[39m [38;2;35;35;46m│[39m
[38;2;35;35;46m│[39m [38;2;255;107;53m│[39m [38;2;74;74;88m  [48;2;0;255;65m[38;2;3;5;3m  [39m[48;2;124;252;0m  [49m[38;2;138;138;154m matrix[39m                       [38;2;255;107;53m│[39m [38;2;35;35;46m│[39m [38;2;138;138;154mdesktop settings[39m [38;2;74;74;88m/tmp/aperant-fixture-userdata-neg/settings.j…[39m [38;2;35;35;46m│[39m [38;2;35;35;46m│[39m
[38;2;35;35;46m│[39m [38;2;255;107;53m│[39m [38;2;74;74;88m  [48;2;255;176;0m[38;2;6;4;2m  [39m[48;2;255;123;0m  [49m[38;2;138;138;154m amber[39m                        [38;2;255;107;53m│[39m [38;2;35;35;46m│[39m [38;2;138;138;154mprovider[39m          [38;2;74;74;88mnot configured[39m                               [38;2;35;35;46m│[39m [38;2;35;35;46m│[39m
[38;2;35;35;46m│[39m [38;2;255;107;53m│[39m [38;2;74;74;88m  [48;2;178;75;243m[38;2;5;3;8m  [39m[48;2;0;240;255m  [49m[38;2;138;138;154m synth[39m                        [38;2;255;107;53m│[39m [38;2;35;35;46m│[39m [38;2;138;138;154mmodel[39m             [38;2;232;232;240mnot configured[39m                               [38;2;35;35;46m│[39m [38;2;35;35;46m│[39m
[38;2;35;35;46m│[39m [38;2;255;107;53m│[39m [38;2;74;74;88m  [48;2;56;189;248m[38;2;2;5;9m  [39m[48;2;45;212;191m  [49m[38;2;138;138;154m ice[39m                          [38;2;255;107;53m│[39m [38;2;35;35;46m└────────────────────────────────────────────────────────────────┘[39m [38;2;35;35;46m│[39m
[38;2;35;35;46m│[39m [38;2;255;107;53m│[39m                                     [38;2;255;107;53m│[39m                                                                    [38;2;35;35;46m│[39m
[38;2;35;35;46m│[39m [38;2;255;107;53m│[39m [38;2;138;138;154mj/k select · applies live · persists[38;2;255;107;53m│[39m [38;2;35;35;46m┌────────────────────────────────────────────────────────────────┐[39m [38;2;35;35;46m│[39m
[38;2;35;35;46m│[39m [38;2;255;107;53m│[39m [38;2;138;138;154m to tui.json[39m                        [38;2;255;107;53m│[39m [38;2;35;35;46m│[39m [38;2;138;138;154mACCOUNTS[39m                                                       [38;2;35;35;46m│[39m [38;2;35;35;46m│[39m
[38;2;35;35;46m│[39m [38;2;255;107;53m│[39m                                     [38;2;255;107;53m│[39m [38;2;35;35;46m│[39m [38;2;74;74;88mno provider accounts — press a to add Moonshot (Kimi) from env[39m [38;2;35;35;46m│[39m [38;2;35;35;46m│[39m
[38;2;35;35;46m│[39m [38;2;255;107;53m│[39m                                     [38;2;255;107;53m│[39m [38;2;35;35;46m│[39m                                                                [38;2;35;35;46m│[39m [38;2;35;35;46m│[39m
[38;2;35;35;46m│[39m [38;2;255;107;53m│[39m                                     [38;2;255;107;53m│[39m [38;2;35;35;46m│[39m [38;2;255;68;68mnot provisioned: no API key — set MOONSHOT_API_KEY (or KIMI_A…[39m [38;2;35;35;46m│[39m [38;2;35;35;46m│[39m
[38;2;35;35;46m│[39m [38;2;255;107;53m│[39m                                     [38;2;255;107;53m│[39m [38;2;35;35;46m│[39m [38;2;138;138;154ma add/update Moonshot (Kimi) from env · writes settings.json ·[39m [38;2;35;35;46m│[39m [38;2;35;35;46m│[39m
[38;2;35;35;46m│[39m [38;2;255;107;53m│[39m                                     [38;2;255;107;53m│[39m [38;2;35;35;46m│[39m [38;2;138;138;154m queue-priority first[39m                                          [38;2;35;35;46m│[39m [38;2;35;35;46m│[39m
[38;2;35;35;46m│[39m [38;2;255;107;53m└─────────────────────────────────────┘[39m [38;2;35;35;46m└────────────────────────────────────────────────────────────────┘[39m [38;2;35;35;46m│[39m
[38;2;35;35;46m│[1m[48;2;255;107;53m[38;2;5;5;7m SET [39m[49m[22m [38;2;138;138;154mj/k select theme · ⏎ apply · a add Moonshot acct[39m                                         [38;2;255;107;53m:[38;2;74;74;88m cmd  [38;2;255;107;53m?[38;2;74;74;88m help[38;2;35;35;46m│[39m
[38;2;35;35;46m└────────────────────────────────────────────────────────────────────────────────────────────────────────────┘[39m
[2K[1A[2K[1A[2K[1A[2K[1A[2K[1A[2K[1A[2K[1A[2K[1A[2K[1A[2K[1A[2K[1A[2K[1A[2K[1A[2K[1A[2K[1A[2K[1A[2K[1A[2K[1A[2K[1A[2K[1A[2K[1A[2K[G[38;2;35;35;46m┌────────────────────────────────────────────────────────────────────────────────────────────────────────────┐[39m
[38;2;35;35;46m│[1m[38;2;255;107;53mAPERANT[39m[22m [38;2;74;74;88m│[39m [38;2;138;138;154maperant-fixture[39m [38;2;74;74;88m/tmp/aperant-fixture[39m [38;2;74;74;88m│[39m [38;2;56;189;248m⑂ develop[39m             [38;2;255;107;53m◉[38;2;138;138;154m 1 running[39m  [38;2;255;176;0m◆[38;2;138;138;154m 1 review[39m  [38;2;61;220;132m●[38;2;138;138;154m no profile[38;2;35;35;46m│[39m
[38;2;35;35;46m│[39m [38;2;138;138;154m 1 board [39m  [38;2;138;138;154m 2 term [39m  [38;2;138;138;154m 3 road [39m  [38;2;138;138;154m 4 chat [39m  [38;2;138;138;154m 5 tree [39m  [1m[48;2;255;107;53m[38;2;5;5;7m 6 set [39m[49m[22m  [38;2;138;138;154m 7 agents [39m                                     [38;2;35;35;46m│[39m
[38;2;35;35;46m│[39m [38;2;255;107;53m┌─────────────────────────────────────┐[39m [38;2;35;35;46m┌────────────────────────────────────────────────────────────────┐[39m [38;2;35;35;46m│[39m
[38;2;35;35;46m│[39m [38;2;255;107;53m│[39m [1m[38;2;255;107;53mTHEME[39m[22m                               [38;2;255;107;53m│[39m [38;2;35;35;46m│[39m [38;2;138;138;154mCONFIG[39m                                                         [38;2;35;35;46m│[39m [38;2;35;35;46m│[39m
[38;2;35;35;46m│[39m [38;2;255;107;53m│[39m [48;2;16;16;24m[38;2;255;107;53m❯ [48;2;255;107;53m[38;2;5;5;7m  [39m[48;2;255;62;138m  [48;2;16;16;24m[38;2;232;232;240m cyberpunk[38;2;255;107;53m  ACTIVE[39m[49m            [38;2;255;107;53m│[39m [38;2;35;35;46m│[39m [38;2;138;138;154mtui config[39m        [38;2;74;74;88m/tmp/aperant-fixture-userdata-neg/tui.json[39m   [38;2;35;35;46m│[39m [38;2;35;35;46m│[39m
[38;2;35;35;46m│[39m [38;2;255;107;53m│[39m [38;2;74;74;88m  [48;2;0;255;65m[38;2;3;5;3m  [39m[48;2;124;252;0m  [49m[38;2;138;138;154m matrix[39m                       [38;2;255;107;53m│[39m [38;2;35;35;46m│[39m [38;2;138;138;154mdesktop settings[39m [38;2;74;74;88m/tmp/aperant-fixture-userdata-neg/settings.j…[39m [38;2;35;35;46m│[39m [38;2;35;35;46m│[39m
[38;2;35;35;46m│[39m [38;2;255;107;53m│[39m [38;2;74;74;88m  [48;2;255;176;0m[38;2;6;4;2m  [39m[48;2;255;123;0m  [49m[38;2;138;138;154m amber[39m                        [38;2;255;107;53m│[39m [38;2;35;35;46m│[39m [38;2;138;138;154mprovider[39m          [38;2;74;74;88mnot configured[39m                               [38;2;35;35;46m│[39m [38;2;35;35;46m│[39m
[38;2;35;35;46m│[39m [38;2;255;107;53m│[39m [38;2;74;74;88m  [48;2;178;75;243m[38;2;5;3;8m  [39m[48;2;0;240;255m  [49m[38;2;138;138;154m synth[39m                        [38;2;255;107;53m│[39m [38;2;35;35;46m│[39m [38;2;138;138;154mmodel[39m             [38;2;232;232;240mnot configured[39m                               [38;2;35;35;46m│[39m [38;2;35;35;46m│[39m
[38;2;35;35;46m│[39m [38;2;255;107;53m│[39m [38;2;74;74;88m  [48;2;56;189;248m[38;2;2;5;9m  [39m[48;2;45;212;191m  [49m[38;2;138;138;154m ice[39m                          [38;2;255;107;53m│[39m [38;2;35;35;46m└────────────────────────────────────────────────────────────────┘[39m [38;2;35;35;46m│[39m
[38;2;35;35;46m│[39m [38;2;255;107;53m│[39m                                     [38;2;255;107;53m│[39m                                                                    [38;2;35;35;46m│[39m
[38;2;35;35;46m│[39m [38;2;255;107;53m│[39m [38;2;138;138;154mj/k select · applies live · persists[38;2;255;107;53m│[39m [38;2;35;35;46m┌────────────────────────────────────────────────────────────────┐[39m [38;2;35;35;46m│[39m
[38;2;35;35;46m│[39m [38;2;255;107;53m│[39m [38;2;138;138;154m to tui.json[39m                        [38;2;255;107;53m│[39m [38;2;35;35;46m│[39m [38;2;138;138;154mACCOUNTS[39m                                                       [38;2;35;35;46m│[39m [38;2;35;35;46m│[39m
[38;2;35;35;46m│[39m [38;2;255;107;53m│[39m                                     [38;2;255;107;53m│[39m [38;2;35;35;46m│[39m [38;2;74;74;88mno provider accounts — press a to add Moonshot (Kimi) from env[39m [38;2;35;35;46m│[39m [38;2;35;35;46m│[39m
[38;2;35;35;46m│[39m [38;2;255;107;53m│[39m                                     [38;2;255;107;53m│[39m [38;2;35;35;46m│[39m                                                                [38;2;35;35;46m│[39m [38;2;35;35;46m│[39m
[38;2;35;35;46m│[39m [38;2;255;107;53m│[39m                                     [38;2;255;107;53m│[39m [38;2;35;35;46m│[39m [38;2;255;68;68mnot provisioned: no API key — set MOONSHOT_API_KEY (or KIMI_A…[39m [38;2;35;35;46m│[39m [38;2;35;35;46m│[39m
[38;2;35;35;46m│[39m [38;2;255;107;53m│[39m                                     [38;2;255;107;53m│[39m [38;2;35;35;46m│[39m [38;2;138;138;154ma add/update Moonshot (Kimi) from env · writes settings.json ·[39m [38;2;35;35;46m│[39m [38;2;35;35;46m│[39m
[38;2;35;35;46m│[39m [38;2;255;107;53m│[39m                                     [38;2;255;107;53m│[39m [38;2;35;35;46m│[39m [38;2;138;138;154m queue-priority first[39m                                          [38;2;35;35;46m│[39m [38;2;35;35;46m│[39m
[38;2;35;35;46m│[39m [38;2;255;107;53m└─────────────────────────────────────┘[39m [38;2;35;35;46m└────────────────────────────────────────────────────────────────┘[39m [38;2;35;35;46m│[39m
[38;2;35;35;46m│[1m[48;2;255;107;53m[38;2;5;5;7m SET [39m[49m[22m [38;2;138;138;154mj/k select theme · ⏎ apply · a add Moonshot acct[39m                                         [38;2;255;107;53m:[38;2;74;74;88m cmd  [38;2;255;107;53m?[38;2;74;74;88m help[38;2;35;35;46m│[39m
[38;2;35;35;46m└────────────────────────────────────────────────────────────────────────────────────────────────────────────┘[39m
[2K[1A[2K[1A[2K[1A[2K[1A[2K[1A[2K[1A[2K[1A[2K[1A[2K[1A[2K[1A[2K[1A[2K[1A[2K[1A[2K[1A[2K[1A[2K[1A[2K[1A[2K[1A[2K[1A[2K[1A[2K[1A[2K[G[38;2;35;35;46m┌────────────────────────────────────────────────────────────────────────────────────────────────────────────┐[39m
[38;2;35;35;46m│[1m[38;2;255;107;53mAPERANT[39m[22m [38;2;74;74;88m│[39m [38;2;138;138;154maperant-fixture[39m [38;2;74;74;88m/tmp/aperant-fixture[39m [38;2;74;74;88m│[39m [38;2;56;189;248m⑂ develop[39m             [38;2;255;107;53m◉[38;2;138;138;154m 1 running[39m  [38;2;255;176;0m◆[38;2;138;138;154m 0 review[39m  [38;2;61;220;132m●[38;2;138;138;154m no profile[38;2;35;35;46m│[39m
[38;2;35;35;46m│[39m [38;2;138;138;154m 1 board [39m  [38;2;138;138;154m 2 term [39m  [38;2;138;138;154m 3 road [39m  [38;2;138;138;154m 4 chat [39m  [38;2;138;138;154m 5 tree [39m  [1m[48;2;255;107;53m[38;2;5;5;7m 6 set [39m[49m[22m  [38;2;138;138;154m 7 agents [39m                                     [38;2;35;35;46m│[39m
[38;2;35;35;46m│[39m [38;2;255;107;53m┌─────────────────────────────────────┐[39m [38;2;35;35;46m┌────────────────────────────────────────────────────────────────┐[39m [38;2;35;35;46m│[39m
[38;2;35;35;46m│[39m [38;2;255;107;53m│[39m [1m[38;2;255;107;53mTHEME[39m[22m                               [38;2;255;107;53m│[39m [38;2;35;35;46m│[39m [38;2;138;138;154mCONFIG[39m                                                         [38;2;35;35;46m│[39m [38;2;35;35;46m│[39m
[38;2;35;35;46m│[39m [38;2;255;107;53m│[39m [48;2;16;16;24m[38;2;255;107;53m❯ [48;2;255;107;53m[38;2;5;5;7m  [39m[48;2;255;62;138m  [48;2;16;16;24m[38;2;232;232;240m cyberpunk[38;2;255;107;53m  ACTIVE[39m[49m            [38;2;255;107;53m│[39m [38;2;35;35;46m│[39m [38;2;138;138;154mtui config[39m        [38;2;74;74;88m/tmp/aperant-fixture-userdata-neg/tui.json[39m   [38;2;35;35;46m│[39m [38;2;35;35;46m│[39m
[38;2;35;35;46m│[39m [38;2;255;107;53m│[39m [38;2;74;74;88m  [48;2;0;255;65m[38;2;3;5;3m  [39m[48;2;124;252;0m  [49m[38;2;138;138;154m matrix[39m                       [38;2;255;107;53m│[39m [38;2;35;35;46m│[39m [38;2;138;138;154mdesktop settings[39m [38;2;74;74;88m/tmp/aperant-fixture-userdata-neg/settings.j…[39m [38;2;35;35;46m│[39m [38;2;35;35;46m│[39m
[38;2;35;35;46m│[39m [38;2;255;107;53m│[39m [38;2;74;74;88m  [48;2;255;176;0m[38;2;6;4;2m  [39m[48;2;255;123;0m  [49m[38;2;138;138;154m amber[39m                        [38;2;255;107;53m│[39m [38;2;35;35;46m│[39m [38;2;138;138;154mprovider[39m          [38;2;74;74;88mnot configured[39m                               [38;2;35;35;46m│[39m [38;2;35;35;46m│[39m
[38;2;35;35;46m│[39m [38;2;255;107;53m│[39m [38;2;74;74;88m  [48;2;178;75;243m[38;2;5;3;8m  [39m[48;2;0;240;255m  [49m[38;2;138;138;154m synth[39m                        [38;2;255;107;53m│[39m [38;2;35;35;46m│[39m [38;2;138;138;154mmodel[39m             [38;2;232;232;240mnot configured[39m                               [38;2;35;35;46m│[39m [38;2;35;35;46m│[39m
[38;2;35;35;46m│[39m [38;2;255;107;53m│[39m [38;2;74;74;88m  [48;2;56;189;248m[38;2;2;5;9m  [39m[48;2;45;212;191m  [49m[38;2;138;138;154m ice[39m                          [38;2;255;107;53m│[39m [38;2;35;35;46m└────────────────────────────────────────────────────────────────┘[39m [38;2;35;35;46m│[39m
[38;2;35;35;46m│[39m [38;2;255;107;53m│[39m                                     [38;2;255;107;53m│[39m                                                                    [38;2;35;35;46m│[39m
[38;2;35;35;46m│[39m [38;2;255;107;53m│[39m [38;2;138;138;154mj/k select · applies live · persists[38;2;255;107;53m│[39m [38;2;35;35;46m┌────────────────────────────────────────────────────────────────┐[39m [38;2;35;35;46m│[39m
[38;2;35;35;46m│[39m [38;2;255;107;53m│[39m [38;2;138;138;154m to tui.json[39m                        [38;2;255;107;53m│[39m [38;2;35;35;46m│[39m [38;2;138;138;154mACCOUNTS[39m                                                       [38;2;35;35;46m│[39m [38;2;35;35;46m│[39m
[38;2;35;35;46m│[39m [38;2;255;107;53m│[39m                                     [38;2;255;107;53m│[39m [38;2;35;35;46m│[39m [38;2;74;74;88mno provider accounts — press a to add Moonshot (Kimi) from env[39m [38;2;35;35;46m│[39m [38;2;35;35;46m│[39m
[38;2;35;35;46m│[39m [38;2;255;107;53m│[39m                                     [38;2;255;107;53m│[39m [38;2;35;35;46m│[39m                                                                [38;2;35;35;46m│[39m [38;2;35;35;46m│[39m
[38;2;35;35;46m│[39m [38;2;255;107;53m│[39m                                     [38;2;255;107;53m│[39m [38;2;35;35;46m│[39m [38;2;255;68;68mnot provisioned: no API key — set MOONSHOT_API_KEY (or KIMI_A…[39m [38;2;35;35;46m│[39m [38;2;35;35;46m│[39m
[38;2;35;35;46m│[39m [38;2;255;107;53m│[39m                                     [38;2;255;107;53m│[39m [38;2;35;35;46m│[39m [38;2;138;138;154ma add/update Moonshot (Kimi) from env · writes settings.json ·[39m [38;2;35;35;46m│[39m [38;2;35;35;46m│[39m
[38;2;35;35;46m│[39m [38;2;255;107;53m│[39m                                     [38;2;255;107;53m│[39m [38;2;35;35;46m│[39m [38;2;138;138;154m queue-priority first[39m                                          [38;2;35;35;46m│[39m [38;2;35;35;46m│[39m
[38;2;35;35;46m│[39m [38;2;255;107;53m└─────────────────────────────────────┘[39m [38;2;35;35;46m└────────────────────────────────────────────────────────────────┘[39m [38;2;35;35;46m│[39m
[38;2;35;35;46m│[1m[48;2;255;107;53m[38;2;5;5;7m SET [39m[49m[22m [38;2;138;138;154mj/k select theme · ⏎ apply · a add Moonshot acct[39m                                         [38;2;255;107;53m:[38;2;74;74;88m cmd  [38;2;255;107;53m?[38;2;74;74;88m help[38;2;35;35;46m│[39m
[38;2;35;35;46m└────────────────────────────────────────────────────────────────────────────────────────────────────────────┘[39m
